
 Start         Length     Name                   Class
 0001:00401000 000AE248H .text                   CODE
 0002:004B0000 00000CD8H .itext                  ICODE
 0003:004B1000 0000239CH .data                   DATA
 0004:004B4000 000052B0H .bss                    BSS
 0005:00000000 0000003CH .tls                    TLS


Detailed map of segments

 0001:00000000 00008F31 C=CODE     S=.text    G=(none)   M=System   ACBP=A9
 0001:00008F34 0000010D C=CODE     S=.text    G=(none)   M=SysInit  ACBP=A9
 0001:00009044 00000428 C=CODE     S=.text    G=(none)   M=Types    ACBP=A9
 0001:0000946C 000019B1 C=CODE     S=.text    G=(none)   M=Windows  ACBP=A9
 0001:0000AE20 0000023D C=CODE     S=.text    G=(none)   M=Messages ACBP=A9
 0001:0000B060 00000172 C=CODE     S=.text    G=(none)   M=ActiveX  ACBP=A9
 0001:0000B1D4 00000116 C=CODE     S=.text    G=(none)   M=CommCtrl ACBP=A9
 0001:0000B2EC 00000330 C=CODE     S=.text    G=(none)   M=SysConst ACBP=A9
 0001:0000B61C 000001A0 C=CODE     S=.text    G=(none)   M=RTLConsts ACBP=A9
 0001:0000B7BC 00000230 C=CODE     S=.text    G=(none)   M=Character ACBP=A9
 0001:0000B9EC 00000131 C=CODE     S=.text    G=(none)   M=StrUtils ACBP=A9
 0001:0000BB20 0000C97B C=CODE     S=.text    G=(none)   M=SysUtils ACBP=A9
 0001:0001849C 000007D3 C=CODE     S=.text    G=(none)   M=VarUtils ACBP=A9
 0001:00018C70 0000818C C=CODE     S=.text    G=(none)   M=Variants ACBP=A9
 0001:00020DFC 0000180B C=CODE     S=.text    G=(none)   M=TypInfo  ACBP=A9
 0001:00022608 00019320 C=CODE     S=.text    G=(none)   M=Classes  ACBP=A9
 0001:0003B928 000002B0 C=CODE     S=.text    G=(none)   M=TimeSpan ACBP=A9
 0001:0003BBD8 000014EB C=CODE     S=.text    G=(none)   M=SyncObjs ACBP=A9
 0001:0003D0C4 00000D46 C=CODE     S=.text    G=(none)   M=UxTheme  ACBP=A9
 0001:0003DE0C 0000005B C=CODE     S=.text    G=(none)   M=Dwmapi   ACBP=A9
 0001:0003DE68 0000038D C=CODE     S=.text    G=(none)   M=Contnrs  ACBP=A9
 0001:0003E1F8 00001FDE C=CODE     S=.text    G=(none)   M=HelpIntfs ACBP=A9
 0001:000401D8 0000086B C=CODE     S=.text    G=(none)   M=MultiMon ACBP=A9
 0001:00040A44 00000270 C=CODE     S=.text    G=(none)   M=Consts   ACBP=A9
 0001:00040CB4 000000FC C=CODE     S=.text    G=(none)   M=IOUtils  ACBP=A9
 0001:00040DB0 0000007F C=CODE     S=.text    G=(none)   M=IniFiles ACBP=A9
 0001:00040E30 000030A2 C=CODE     S=.text    G=(none)   M=Registry ACBP=A9
 0001:00043ED4 0000D524 C=CODE     S=.text    G=(none)   M=Graphics ACBP=A9
 0001:000513F8 0000178A C=CODE     S=.text    G=(none)   M=GraphUtil ACBP=A9
 0001:00052B84 000081AC C=CODE     S=.text    G=(none)   M=StdCtrls ACBP=A9
 0001:0005AD30 00000026 C=CODE     S=.text    G=(none)   M=WinSpool ACBP=A9
 0001:0005AD58 00001DDB C=CODE     S=.text    G=(none)   M=Printers ACBP=A9
 0001:0005CB34 00000013 C=CODE     S=.text    G=(none)   M=Clipbrd  ACBP=A9
 0001:0005CB48 000003FF C=CODE     S=.text    G=(none)   M=ExtCtrls ACBP=A9
 0001:0005CF48 00000415 C=CODE     S=.text    G=(none)   M=ComCtrls ACBP=A9
 0001:0005D360 000009E4 C=CODE     S=.text    G=(none)   M=Dialogs  ACBP=A9
 0001:0005DD44 00000189 C=CODE     S=.text    G=(none)   M=StdActns ACBP=A9
 0001:0005DED0 00000387 C=CODE     S=.text    G=(none)   M=FlatSB   ACBP=A9
 0001:0005E258 00009E75 C=CODE     S=.text    G=(none)   M=Menus    ACBP=A9
 0001:000680D0 0001FA2C C=CODE     S=.text    G=(none)   M=Controls ACBP=A9
 0001:00087AFC 0000580E C=CODE     S=.text    G=(none)   M=Themes   ACBP=A9
 0001:0008D30C 00003961 C=CODE     S=.text    G=(none)   M=ImgList  ACBP=A9
 0001:00090C70 0000235F C=CODE     S=.text    G=(none)   M=ActnList ACBP=A9
 0001:00092FD0 000156DD C=CODE     S=.text    G=(none)   M=Forms    ACBP=A9
 0001:000A86B0 0000001E C=CODE     S=.text    G=(none)   M=VMProtectSDK ACBP=A9
 0001:000A86D0 00000FC1 C=CODE     S=.text    G=(none)   M=Unit1    ACBP=A9
 0001:000A9694 00004BB1 C=CODE     S=.text    G=(none)   M=TestApp  ACBP=A9
 0002:00000000 000000AA C=ICODE    S=.itext   G=(none)   M=System   ACBP=A9
 0002:000000AC 00000016 C=ICODE    S=.itext   G=(none)   M=Windows  ACBP=A9
 0002:000000C4 000000B4 C=ICODE    S=.itext   G=(none)   M=SysUtils ACBP=A9
 0002:00000178 0000000F C=ICODE    S=.itext   G=(none)   M=VarUtils ACBP=A9
 0002:00000188 000000AA C=ICODE    S=.itext   G=(none)   M=Variants ACBP=A9
 0002:00000234 00000008 C=ICODE    S=.itext   G=(none)   M=TypInfo  ACBP=A9
 0002:0000023C 0000009D C=ICODE    S=.itext   G=(none)   M=Classes  ACBP=A9
 0002:000002DC 00000032 C=ICODE    S=.itext   G=(none)   M=TimeSpan ACBP=A9
 0002:00000310 0000000F C=ICODE    S=.itext   G=(none)   M=SyncObjs ACBP=A9
 0002:00000320 0000001B C=ICODE    S=.itext   G=(none)   M=UxTheme  ACBP=A9
 0002:0000033C 00000008 C=ICODE    S=.itext   G=(none)   M=HelpIntfs ACBP=A9
 0002:00000344 0000000F C=ICODE    S=.itext   G=(none)   M=MultiMon ACBP=A9
 0002:00000354 00000460 C=ICODE    S=.itext   G=(none)   M=IOUtils  ACBP=A9
 0002:000007B4 00000008 C=ICODE    S=.itext   G=(none)   M=IniFiles ACBP=A9
 0002:000007BC 00000008 C=ICODE    S=.itext   G=(none)   M=Registry ACBP=A9
 0002:000007C4 000000FB C=ICODE    S=.itext   G=(none)   M=Graphics ACBP=A9
 0002:000008C0 00000086 C=ICODE    S=.itext   G=(none)   M=GraphUtil ACBP=A9
 0002:00000948 00000008 C=ICODE    S=.itext   G=(none)   M=Printers ACBP=A9
 0002:00000950 00000078 C=ICODE    S=.itext   G=(none)   M=Clipbrd  ACBP=A9
 0002:000009C8 00000054 C=ICODE    S=.itext   G=(none)   M=ExtCtrls ACBP=A9
 0002:00000A1C 00000039 C=ICODE    S=.itext   G=(none)   M=ComCtrls ACBP=A9
 0002:00000A58 0000003D C=ICODE    S=.itext   G=(none)   M=Dialogs  ACBP=A9
 0002:00000A98 0000000F C=ICODE    S=.itext   G=(none)   M=FlatSB   ACBP=A9
 0002:00000AA8 00000085 C=ICODE    S=.itext   G=(none)   M=Menus    ACBP=A9
 0002:00000B30 00000088 C=ICODE    S=.itext   G=(none)   M=Controls ACBP=A9
 0002:00000BB8 00000008 C=ICODE    S=.itext   G=(none)   M=Themes   ACBP=A9
 0002:00000BC0 0000002A C=ICODE    S=.itext   G=(none)   M=ActnList ACBP=A9
 0002:00000BEC 0000005C C=ICODE    S=.itext   G=(none)   M=Forms    ACBP=A9
 0002:00000C48 00000008 C=ICODE    S=.itext   G=(none)   M=Unit1    ACBP=A9
 0002:00000C50 00000088 C=ICODE    S=.itext   G=(none)   M=TestApp  ACBP=A9
 0003:00000000 000009F4 C=DATA     S=.data    G=DGROUP   M=System   ACBP=A9
 0003:000009F4 00000024 C=DATA     S=.data    G=DGROUP   M=SysInit  ACBP=A9
 0003:00000A18 0000000C C=DATA     S=.data    G=DGROUP   M=Windows  ACBP=A9
 0003:00000A24 00000100 C=DATA     S=.data    G=DGROUP   M=Character ACBP=A9
 0003:00000B24 000002E0 C=DATA     S=.data    G=DGROUP   M=SysUtils ACBP=A9
 0003:00000E04 00000008 C=DATA     S=.data    G=DGROUP   M=VarUtils ACBP=A9
 0003:00000E0C 00000152 C=DATA     S=.data    G=DGROUP   M=Variants ACBP=A9
 0003:00000F60 0000000C C=DATA     S=.data    G=DGROUP   M=TypInfo  ACBP=A9
 0003:00000F6C 000000A4 C=DATA     S=.data    G=DGROUP   M=Classes  ACBP=A9
 0003:00001010 00000010 C=DATA     S=.data    G=DGROUP   M=IOUtils  ACBP=A9
 0003:00001020 0000000C C=DATA     S=.data    G=DGROUP   M=IniFiles ACBP=A9
 0003:0000102C 00000024 C=DATA     S=.data    G=DGROUP   M=Registry ACBP=A9
 0003:00001050 000003C8 C=DATA     S=.data    G=DGROUP   M=Graphics ACBP=A9
 0003:00001418 00000450 C=DATA     S=.data    G=DGROUP   M=GraphUtil ACBP=A9
 0003:00001868 000000D8 C=DATA     S=.data    G=DGROUP   M=StdCtrls ACBP=A9
 0003:00001940 0000000C C=DATA     S=.data    G=DGROUP   M=Printers ACBP=A9
 0003:0000194C 00000010 C=DATA     S=.data    G=DGROUP   M=ComCtrls ACBP=A9
 0003:0000195C 0000007C C=DATA     S=.data    G=DGROUP   M=Dialogs  ACBP=A9
 0003:000019D8 00000144 C=DATA     S=.data    G=DGROUP   M=Menus    ACBP=A9
 0003:00001B1C 000001BC C=DATA     S=.data    G=DGROUP   M=Controls ACBP=A9
 0003:00001CD8 00000068 C=DATA     S=.data    G=DGROUP   M=Themes   ACBP=A9
 0003:00001D40 00000048 C=DATA     S=.data    G=DGROUP   M=ImgList  ACBP=A9
 0003:00001D88 00000144 C=DATA     S=.data    G=DGROUP   M=Forms    ACBP=A9
 0003:00001ECC 00000008 C=DATA     S=.data    G=DGROUP   M=Unit1    ACBP=A9
 0004:00000000 00002C38 C=BSS      S=.bss     G=DGROUP   M=System   ACBP=A9
 0004:00002C38 0000000C C=BSS      S=.bss     G=DGROUP   M=SysInit  ACBP=A9
 0004:00002C44 00000008 C=BSS      S=.bss     G=DGROUP   M=Windows  ACBP=A9
 0004:00002C4C 0000001C C=BSS      S=.bss     G=DGROUP   M=Character ACBP=A9
 0004:00002C68 00002240 C=BSS      S=.bss     G=DGROUP   M=SysUtils ACBP=A9
 0004:00004EA8 0000005C C=BSS      S=.bss     G=DGROUP   M=VarUtils ACBP=A9
 0004:00004F04 00000040 C=BSS      S=.bss     G=DGROUP   M=Variants ACBP=A9
 0004:00004F44 00000004 C=BSS      S=.bss     G=DGROUP   M=TypInfo  ACBP=A9
 0004:00004F48 00000048 C=BSS      S=.bss     G=DGROUP   M=Classes  ACBP=A9
 0004:00004F90 00000014 C=BSS      S=.bss     G=DGROUP   M=TimeSpan ACBP=A9
 0004:00004FA4 00000018 C=BSS      S=.bss     G=DGROUP   M=SyncObjs ACBP=A9
 0004:00004FBC 000000CC C=BSS      S=.bss     G=DGROUP   M=UxTheme  ACBP=A9
 0004:00005088 00000008 C=BSS      S=.bss     G=DGROUP   M=HelpIntfs ACBP=A9
 0004:00005090 00000031 C=BSS      S=.bss     G=DGROUP   M=MultiMon ACBP=A9
 0004:000050C4 00000024 C=BSS      S=.bss     G=DGROUP   M=IOUtils  ACBP=A9
 0004:000050E8 00000004 C=BSS      S=.bss     G=DGROUP   M=IniFiles ACBP=A9
 0004:000050EC 00000004 C=BSS      S=.bss     G=DGROUP   M=Registry ACBP=A9
 0004:000050F0 00000064 C=BSS      S=.bss     G=DGROUP   M=Graphics ACBP=A9
 0004:00005154 00000010 C=BSS      S=.bss     G=DGROUP   M=GraphUtil ACBP=A9
 0004:00005164 00000004 C=BSS      S=.bss     G=DGROUP   M=Printers ACBP=A9
 0004:00005168 0000000C C=BSS      S=.bss     G=DGROUP   M=Clipbrd  ACBP=A9
 0004:00005174 00000008 C=BSS      S=.bss     G=DGROUP   M=ExtCtrls ACBP=A9
 0004:0000517C 00000010 C=BSS      S=.bss     G=DGROUP   M=ComCtrls ACBP=A9
 0004:0000518C 0000000C C=BSS      S=.bss     G=DGROUP   M=Dialogs  ACBP=A9
 0004:00005198 00000034 C=BSS      S=.bss     G=DGROUP   M=FlatSB   ACBP=A9
 0004:000051CC 00000010 C=BSS      S=.bss     G=DGROUP   M=Menus    ACBP=A9
 0004:000051DC 0000008C C=BSS      S=.bss     G=DGROUP   M=Controls ACBP=A9
 0004:00005268 0000000C C=BSS      S=.bss     G=DGROUP   M=Themes   ACBP=A9
 0004:00005274 00000008 C=BSS      S=.bss     G=DGROUP   M=ImgList  ACBP=A9
 0004:0000527C 00000004 C=BSS      S=.bss     G=DGROUP   M=ActnList ACBP=A9
 0004:00005280 00000028 C=BSS      S=.bss     G=DGROUP   M=Forms    ACBP=A9
 0004:000052A8 00000008 C=BSS      S=.bss     G=DGROUP   M=Unit1    ACBP=A9
 0005:00000000 00000008 C=TLS      S=.tls     G=(none)   M=System   ACBP=A9
 0005:00000008 0000000C C=TLS      S=.tls     G=(none)   M=Classes  ACBP=A9
 0005:00000014 00000004 C=TLS      S=.tls     G=(none)   M=SyncObjs ACBP=A9
 0005:00000018 00000024 C=TLS      S=.tls     G=(none)   M=GraphUtil ACBP=A9


  Address             Publics by Name

 0001:0000B1C4       ActiveX.OleInitialize
 0001:0000B1CC       ActiveX.OleUninitialize
 0004:0000527C       ActnList..9
 0001:00091E58       ActnList..TActionLink
 0001:00090F78       ActnList..TActionListEnumerator
 0001:00090C70       ActnList..TContainedAction
 0001:00091824       ActnList..TCustomAction
 0001:000911E8       ActnList..TCustomActionList
 0001:000915FC       ActnList..TShortCutList
 0002:00000BC0       ActnList.ActnList
 0001:00092FC8       ActnList.Finalization
 0001:00092610       ActnList.TActionLink.IsCaptionLinked
 0001:00092624       ActnList.TActionLink.IsCheckedLinked
 0001:00092638       ActnList.TActionLink.IsEnabledLinked
 0001:0009264C       ActnList.TActionLink.IsGroupIndexLinked
 0001:00092660       ActnList.TActionLink.IsHelpContextLinked
 0001:00092674       ActnList.TActionLink.IsHelpLinked
 0001:00092688       ActnList.TActionLink.IsHintLinked
 0001:0009269C       ActnList.TActionLink.IsImageIndexLinked
 0001:000926B0       ActnList.TActionLink.IsShortCutLinked
 0001:000926C4       ActnList.TActionLink.IsVisibleLinked
 0001:000926D8       ActnList.TActionLink.SetAutoCheck
 0001:000926DC       ActnList.TActionLink.SetCaption
 0001:000926E0       ActnList.TActionLink.SetChecked
 0001:000926E4       ActnList.TActionLink.SetEnabled
 0001:000926E8       ActnList.TActionLink.SetGroupIndex
 0001:000926EC       ActnList.TActionLink.SetHelpContext
 0001:000926F0       ActnList.TActionLink.SetHelpKeyword
 0001:000926F4       ActnList.TActionLink.SetHelpType
 0001:000926F8       ActnList.TActionLink.SetHint
 0001:000926FC       ActnList.TActionLink.SetImageIndex
 0001:00092700       ActnList.TActionLink.SetShortCut
 0001:00092704       ActnList.TActionLink.SetVisible
 0001:00092174       ActnList.TActionListEnumerator.Create
 0001:000921B8       ActnList.TActionListEnumerator.GetCurrent
 0001:000921C4       ActnList.TActionListEnumerator.MoveNext
 0001:00091F60       ActnList.TContainedAction.Destroy
 0001:000920CC       ActnList.TContainedAction.Execute
 0001:00091F94       ActnList.TContainedAction.GetIndex
 0001:00091FB0       ActnList.TContainedAction.GetParentComponent
 0001:00091FC0       ActnList.TContainedAction.HasParent
 0001:00091FAC       ActnList.TContainedAction.IsCategoryStored
 0001:00091FD0       ActnList.TContainedAction.ReadState
 0001:00092078       ActnList.TContainedAction.SetActionList
 0001:0009204C       ActnList.TContainedAction.SetCategory
 0001:00092004       ActnList.TContainedAction.SetIndex
 0001:000920A0       ActnList.TContainedAction.SetParentComponent
 0001:00092124       ActnList.TContainedAction.Update
 0001:000927B4       ActnList.TCustomAction.AssignTo
 0001:00092708       ActnList.TCustomAction.Create
 0001:0009275C       ActnList.TCustomAction.Destroy
 0001:00092E40       ActnList.TCustomAction.DoHint
 0001:00092E68       ActnList.TCustomAction.Execute
 0001:00092ECC       ActnList.TCustomAction.GetSecondaryShortCuts
 0001:00092F4C       ActnList.TCustomAction.HandleShortCut
 0001:00092F28       ActnList.TCustomAction.IsSecondaryShortCutsStored
 0001:000928C0       ActnList.TCustomAction.SetAutoCheck
 0001:00092920       ActnList.TCustomAction.SetCaption
 0001:00092980       ActnList.TCustomAction.SetChecked
 0001:00092A88       ActnList.TCustomAction.SetEnabled
 0001:00092B04       ActnList.TCustomAction.SetGroupIndex
 0001:00092C1C       ActnList.TCustomAction.SetHelpContext
 0001:00092BB4       ActnList.TCustomAction.SetHelpKeyword
 0001:00092B5C       ActnList.TCustomAction.SetHelpType
 0001:00092C74       ActnList.TCustomAction.SetHint
 0001:00092CD4       ActnList.TCustomAction.SetImageIndex
 0001:00092DF4       ActnList.TCustomAction.SetName
 0001:00092EF4       ActnList.TCustomAction.SetSecondaryShortCuts
 0001:00092D30       ActnList.TCustomAction.SetShortCut
 0001:00092D94       ActnList.TCustomAction.SetVisible
 0001:000923D8       ActnList.TCustomActionList.AddAction
 0001:00092420       ActnList.TCustomActionList.Change
 0001:000921E0       ActnList.TCustomActionList.Create
 0001:0009224C       ActnList.TCustomActionList.Destroy
 0001:0009252C       ActnList.TCustomActionList.ExecuteAction
 0001:0009231C       ActnList.TCustomActionList.GetAction
 0001:00092330       ActnList.TCustomActionList.GetActionCount
 0001:000922A4       ActnList.TCustomActionList.GetChildren
 0001:00092338       ActnList.TCustomActionList.GetEnumerator
 0001:0009237C       ActnList.TCustomActionList.ImageListChange
 0001:00092488       ActnList.TCustomActionList.IsShortCut
 0001:00092388       ActnList.TCustomActionList.Notification
 0001:000923F8       ActnList.TCustomActionList.RemoveAction
 0001:000922EC       ActnList.TCustomActionList.SetChildOrder
 0001:00092348       ActnList.TCustomActionList.SetImages
 0001:0009256C       ActnList.TCustomActionList.SetState
 0001:0009254C       ActnList.TCustomActionList.UpdateAction
 0001:00092F58       ActnList.TShortCutList.Add
 0001:00092F84       ActnList.TShortCutList.IndexOfShortCut
 0004:00002C58       Character.CategoryTable
 0004:00002C50       Character.CatIndexPrimary
 0004:00002C54       Character.CatIndexSecondary
 0004:00002C4C       Character.DataTable
 0003:00000A24       Character.Latin1Categories
 0004:00002C64       Character.NumericValueTable
 0004:00002C5C       Character.NumIndexPrimary
 0004:00002C60       Character.NumIndexSecondary
 0001:0000B7BC       Character.TCharacter.CheckLetter
 0001:0000B7C8       Character.TCharacter.CheckLetterOrDigit
 0001:0000B8E4       Character.TCharacter.GetUnicodeCategory
 0001:0000B944       Character.TCharacter.Initialize
 0001:0000B8D8       Character.TCharacter.IsAscii
 0001:0000B7D8       Character.TCharacter.IsLatin1
 0001:0000B7E4       Character.TCharacter.IsLetter
 0001:0000B870       Character.TCharacter.IsLetterOrDigit
 0004:00004F58       Classes..66
 0001:00022F3C       Classes..EBitsError
 0001:00022CD4       Classes..EClassNotFound
 0001:00023074       Classes..EComponentError
 0001:000229DC       Classes..EFCreateError
 0001:00022B10       Classes..EFilerError
 0001:000228E0       Classes..EFileStreamError
 0001:00022A78       Classes..EFOpenError
 0001:00022D70       Classes..EInvalidImage
 0001:000231B4       Classes..EInvalidOperation
 0001:00022EA8       Classes..EListError
 0001:00023114       Classes..EOutOfResources
 0001:00022BA8       Classes..EReadError
 0001:00022E0C       Classes..EResNotFound
 0001:00022844       Classes..EStreamError
 0001:00022FD0       Classes..EStringListError
 0001:0002A098       Classes..EThread
 0001:00022C3C       Classes..EWriteError
 0001:0002BA40       Classes..TBasicAction
 0001:0002B824       Classes..TBasicActionLink
 0001:00023F5C       Classes..TBits
 0001:00027998       Classes..TClassFinder
 0001:000247E0       Classes..TCollection
 0001:0002463C       Classes..TCollectionEnumerator
 0001:000243D0       Classes..TCollectionItem
 0001:0002AEDC       Classes..TComponent
 0001:0003A560       Classes..TComponent.FindComponent$ActRec
 0001:0002AA84       Classes..TComponentEnumerator
 0001:00026BDC       Classes..TCustomMemoryStream
 0001:00027D6C       Classes..TFiler
 0001:000269F8       Classes..TFileStream
 0001:000267E0       Classes..THandleStream
 0001:0002D8F4       Classes..TIntConst
 0001:0002425C       Classes..TInterfacedPersistent
 0001:00023590       Classes..TList
 0001:0002E820       Classes..TList.Sort$ActRec
 0001:000233BC       Classes..TListEnumerator
 0001:00026E24       Classes..TMemoryStream
 0001:00024094       Classes..TPersistent
 0001:00032B28       Classes..TPropFixup
 0001:00032D54       Classes..TPropIntfFixup
 0001:00028784       Classes..TReader
 0001:0002BFD4       Classes..TRegGroup
 0001:0002C434       Classes..TRegGroups
 0001:0002706C       Classes..TResourceStream
 0001:000261D4       Classes..TStream
 0001:000273EC       Classes..TStreamAdapter
 0001:00025B58       Classes..TStringList
 0001:00024EE0       Classes..TStrings
 0001:00024D38       Classes..TStringsEnumerator
 0001:0002A28C       Classes..TThread
 0001:00023CA4       Classes..TThreadList
 0001:0002968C       Classes..TWriter
 0001:0002D880       Classes.ActivateClassGroup
 0003:00000F6C       Classes.AddDataModule
 0001:00033080       Classes.AddFinished
 0001:000330B8       Classes.AddNotFinished
 0001:00033D24       Classes.AddSubComponentsToLoaded
 0001:0003B6CC       Classes.AllocateHWnd
 0001:000372C0       Classes.AncestorIsValid
 0003:00000F7C       Classes.ApplicationHandleException
 0003:00000F84       Classes.ApplicationShowException
 0001:0002DD60       Classes.BeginGlobalLoading
 0003:00000FE4       Classes.BlockCode
 0001:0002BF98       Classes.Bounds
 0001:0003B52C       Classes.CalcJmpOffset
 0001:00033D60       Classes.CheckSubComponents
 0001:00038E18       Classes.CheckSynchronize
 0002:0000024C       Classes.Classes
 0001:0002D5C4       Classes.ClassNotFound
 0001:0003B5E0       Classes.CleanupInstFreeList
 0001:0002E000       Classes.CollectionsEqual
 0001:00033E40       Classes.ComponentCreated
 0001:00035D60       Classes.CopyBinary
 0001:00035CD0       Classes.CopyBytes
 0001:00035C84       Classes.CopyList
 0001:00035BFC       Classes.CopySetBody
 0001:00033EC0       Classes.CreateComponent
 0003:00000F8C       Classes.CreateVCLComObjectProc
 0001:0003B780       Classes.DeallocateHWnd
 0001:00038D40       Classes.DoneThreadSynchronization
 0001:0002FE64       Classes.DoWrite
 0003:00000F9C       Classes.Dummy32bitResHeader
 0001:0003B7A8       Classes.EFileStreamError.Create
 0001:0002DDE8       Classes.EndGlobalLoading
 0001:00032960       Classes.Error
 0001:0002D068       Classes.Error
 0004:00004F84       Classes.ExternalThreads
 0003:00000F98       Classes.FilerSignature
 0001:0003B858       Classes.Finalization
 0001:000369B0       Classes.FindAncestor
 0001:0002D69C       Classes.FindClass
 0001:00034070       Classes.FindExistingComponent
 0001:0002DC78       Classes.FindGlobalComponent
 0004:00004F64       Classes.FindGlobalComponentProcs
 0001:0002DB1C       Classes.FindIdentToInt
 0001:0002DAA0       Classes.FindIntToIdent
 0001:00037734       Classes.FindMethodName
 0001:00032F88       Classes.FindNestedComponent
 0001:000350EC       Classes.FindUniqueName
 0001:00038D58       Classes.FreeExternalThreads
 0001:0003B48C       Classes.FreeIntConstList
 0001:0003B5CC       Classes.FreeObjectInstance
 0001:0002D630       Classes.GetClass
 0001:00037E28       Classes.GetComponentValue
 0001:0002F2C0       Classes.GetDesigner
 0001:0002D5B8       Classes.GetFieldClassTable
 0001:0003B61C       Classes.GetFreeInstBlockItemCount
 0004:00004F68       Classes.GlobalFixupList
 0001:00033100       Classes.GlobalFixupReferences
 0005:00000010       Classes.GlobalLists
 0005:0000000C       Classes.GlobalLoaded
 0004:00004F4C       Classes.GlobalNameSpace
 0001:0002D814       Classes.GroupDescendentsWith
 0001:00034880       Classes.HandleException
 0001:0002DB98       Classes.IdentToInt
 0001:0002DE44       Classes.InitComponent
 0001:0002DED0       Classes.InitInheritedComponent
 0001:00038D0C       Classes.InitThreadSynchronization
 0004:00004F88       Classes.InstBlockList
 0004:00004F8C       Classes.InstFreeList
 0004:00004F5C       Classes.IntConstList
 0001:0002DCDC       Classes.InternalReadComponentRes
 0001:0002DBDC       Classes.IntToIdent
 0001:0002BFC0       Classes.InvalidPoint
 0001:000374B4       Classes.IsDefault
 0001:00037330       Classes.IsDefaultFloatProp
 0001:0003738C       Classes.IsDefaultInt64Prop
 0001:00037658       Classes.IsDefaultInterfaceProp
 0001:0003778C       Classes.IsDefaultMethodProp
 0001:0003750C       Classes.IsDefaultObjectProp
 0001:000372D8       Classes.IsDefaultOrdProp
 0001:000378C4       Classes.IsDefaultPropertyValue
 0001:000373E4       Classes.IsDefaultStrProp
 0001:0003758C       Classes.IsDefaultValue
 0001:0003782C       Classes.IsDefaultVariantProp
 0001:0002DCB8       Classes.IsUniqueGlobalComponentName
 0004:00004F50       Classes.IsUniqueGlobalComponentNameProc
 0001:0003B534       Classes.MakeObjectInstance
 0001:0002EF10       Classes.Min
 0001:0003B504       Classes.ModuleUnload
 0003:00000FBC       Classes.NilMethod
 0001:0002F364       Classes.NotifyDesigner
 0001:0002DDB8       Classes.NotifyGlobalLoading
 0001:00037474       Classes.ObjectAncestorMatch
 0001:00037E10       Classes.OwnedBy
 0001:0002BF50       Classes.Point
 0003:00000FC8       Classes.Priorities
 0001:00033440       Classes.PropertyNotFound
 0001:00034950       Classes.PropPathError
 0001:00033434       Classes.PropValueError
 0001:0002E6E8       Classes.QuickSort
 0001:00031B18       Classes.RaiseException
 0001:00036248       Classes.ReadCustomVariant
 0001:0003341C       Classes.ReadError
 0001:00033E60       Classes.Recover
 0001:0002BF70       Classes.Rect
 0004:00004F60       Classes.RegGroups
 0001:0002D6BC       Classes.RegisterClass
 0001:0002DC20       Classes.RegisterFindGlobalComponentProc
 0001:0002DA74       Classes.RegisterIntegerConsts
 0001:0003B64C       Classes.ReleaseObjectInstanceBlocks
 0003:00000F74       Classes.RemoveDataModule
 0001:000332D4       Classes.RemoveFixupReferences
 0001:00033388       Classes.RemoveFixups
 0001:00033784       Classes.RemoveGlobalFixup
 0001:00038DE4       Classes.ResetSyncEvent
 0001:0002FFD0       Classes.ReturnAddr
 0001:0002E264       Classes.ReturnAddr
 0001:00033FD0       Classes.SetCompName
 0001:0003346C       Classes.SetElementValue
 0001:00034CC8       Classes.SetInterfaceReference
 0001:00034BE4       Classes.SetIntIdent
 0001:00034C2C       Classes.SetObjectIdent
 0001:00033DD8       Classes.SetSubComponentState
 0001:00034C6C       Classes.SetVariantReference
 0001:00038E0C       Classes.SignalSyncEvent
 0001:000359B8       Classes.SkipBinary
 0001:000359E8       Classes.SkipCollection
 0001:0003598C       Classes.SkipList
 0001:0002D7AC       Classes.StartClassGroup
 0001:0003B50C       Classes.StdWndProc
 0001:00031904       Classes.StringListCompareStrings
 0004:00004F54       Classes.SyncEvent
 0003:00000FC4       Classes.SyncList
 0001:0003AEF8       Classes.TBasicAction.Change
 0001:0003AD84       Classes.TBasicAction.Create
 0001:0003ADC8       Classes.TBasicAction.Destroy
 0001:0003AE64       Classes.TBasicAction.Execute
 0001:0003AE34       Classes.TBasicAction.ExecuteTarget
 0001:0003AE30       Classes.TBasicAction.HandlesTarget
 0001:0003AE38       Classes.TBasicAction.Notification
 0001:0003AF0C       Classes.TBasicAction.RegisterChanges
 0001:0003AF58       Classes.TBasicAction.SetActionComponent
 0001:0003AE9C       Classes.TBasicAction.SetOnExecute
 0001:0003AF18       Classes.TBasicAction.UnRegisterChanges
 0001:0003AE80       Classes.TBasicAction.Update
 0001:0003AE60       Classes.TBasicAction.UpdateTarget
 0001:0003ACD4       Classes.TBasicActionLink.AssignClient
 0001:0003AD0C       Classes.TBasicActionLink.Change
 0001:0003AC90       Classes.TBasicActionLink.Create
 0001:0003ACD8       Classes.TBasicActionLink.Destroy
 0001:0003AD24       Classes.TBasicActionLink.Execute
 0001:0003AD6C       Classes.TBasicActionLink.IsOnExecuteLinked
 0001:0003AD40       Classes.TBasicActionLink.SetAction
 0001:0003AD70       Classes.TBasicActionLink.SetOnExecute
 0001:0003AD78       Classes.TBasicActionLink.Update
 0001:0002EEC8       Classes.TBits.Destroy
 0001:0002EEF8       Classes.TBits.Error
 0001:0002EFEC       Classes.TBits.OpenBit
 0001:0002EFC0       Classes.TBits.SetBit
 0001:0002EF1C       Classes.TBits.SetSize
 0001:0002D324       Classes.TClassFinder.Create
 0001:0002D464       Classes.TClassFinder.Destroy
 0001:0002D494       Classes.TClassFinder.GetClass
 0001:0002D530       Classes.TClassFinder.GetClasses
 0001:0002F694       Classes.TCollection.Add
 0001:0002FBB0       Classes.TCollection.Added
 0001:0002F6B4       Classes.TCollection.Assign
 0001:0002F75C       Classes.TCollection.BeginUpdate
 0001:0002F760       Classes.TCollection.Changed
 0001:0002F770       Classes.TCollection.Clear
 0001:0002F5FC       Classes.TCollection.Create
 0001:0002FB74       Classes.TCollection.Delete
 0001:0002FBB4       Classes.TCollection.Deleting
 0001:0002F648       Classes.TCollection.Destroy
 0001:0002F7D8       Classes.TCollection.EndUpdate
 0001:0002F7E4       Classes.TCollection.FindItemID
 0001:0002F818       Classes.TCollection.GetAttr
 0001:0002F814       Classes.TCollection.GetAttrCount
 0001:0002F838       Classes.TCollection.GetCapacity
 0001:0002F860       Classes.TCollection.GetCount
 0001:0002F828       Classes.TCollection.GetEnumerator
 0001:0002F868       Classes.TCollection.GetItem
 0001:0002F840       Classes.TCollection.GetItemAttr
 0001:0002F87C       Classes.TCollection.GetNamePath
 0001:0002F930       Classes.TCollection.GetPropName
 0001:0002FA84       Classes.TCollection.Insert
 0001:0002FAA0       Classes.TCollection.InsertItem
 0001:0002FBB8       Classes.TCollection.Notify
 0001:0002FBA4       Classes.TCollection.Owner
 0001:0002FB08       Classes.TCollection.RemoveItem
 0001:0002FB5C       Classes.TCollection.SetCapacity
 0001:0002FB6C       Classes.TCollection.SetItemName
 0001:0002FB70       Classes.TCollection.Update
 0001:0002F590       Classes.TCollectionEnumerator.Create
 0001:0002F5D4       Classes.TCollectionEnumerator.GetCurrent
 0001:0002F5E0       Classes.TCollectionEnumerator.MoveNext
 0001:0002F430       Classes.TCollectionItem.Changed
 0001:0002F3C8       Classes.TCollectionItem.Create
 0001:0002F400       Classes.TCollectionItem.Destroy
 0001:0002F46C       Classes.TCollectionItem.GetDisplayName
 0001:0002F454       Classes.TCollectionItem.GetIndex
 0001:0002F480       Classes.TCollectionItem.GetNamePath
 0001:0002F52C       Classes.TCollectionItem.GetOwner
 0001:0002F530       Classes.TCollectionItem.SetCollection
 0001:0002F558       Classes.TCollectionItem.SetDisplayName
 0001:0002F560       Classes.TCollectionItem.SetIndex
 0001:0003A788       Classes.TComponent.AddSortedComponent
 0001:00039FA4       Classes.TComponent.BeforeDestruction
 0001:0003A83C       Classes.TComponent.ChangeName
 0001:00039F10       Classes.TComponent.Create
 0001:0003A350       Classes.TComponent.DefineProperties
 0001:00039F5C       Classes.TComponent.Destroy
 0001:0003A1D4       Classes.TComponent.DestroyComponents
 0001:0003A240       Classes.TComponent.Destroying
 0001:0003A998       Classes.TComponent.ExecuteAction
 0001:0003A624       Classes.TComponent.FindComponent
 0001:0003A618       Classes.TComponent.FindComponent$ActRec.$0$Body
 0001:0003A710       Classes.TComponent.FindSortedComponent
 0001:00039FF0       Classes.TComponent.FreeNotification
 0001:0003AACC       Classes.TComponent.FreeOnRelease
 0001:0003A3F4       Classes.TComponent.GetChildOwner
 0001:0003A3F8       Classes.TComponent.GetChildParent
 0001:0003A3EC       Classes.TComponent.GetChildren
 0001:0003A9FC       Classes.TComponent.GetComObject
 0001:0003A890       Classes.TComponent.GetComponent
 0001:0003A8BC       Classes.TComponent.GetComponentCount
 0001:0003A874       Classes.TComponent.GetComponentIndex
 0001:0003A3FC       Classes.TComponent.GetEnumerator
 0001:0003A40C       Classes.TComponent.GetNamePath
 0001:0003A420       Classes.TComponent.GetOwner
 0001:0003A428       Classes.TComponent.GetParentComponent
 0001:0003A3E8       Classes.TComponent.HasParent
 0001:0003A084       Classes.TComponent.Insert
 0001:0003A138       Classes.TComponent.InsertComponent
 0001:0003AB64       Classes.TComponent.IntfGetComponent
 0001:0003AB68       Classes.TComponent.IsImplementorOf
 0001:0003A448       Classes.TComponent.Loaded
 0001:0003A2F0       Classes.TComponent.Notification
 0001:0003A454       Classes.TComponent.PaletteCreated
 0001:0003AAE4       Classes.TComponent.QueryInterface
 0001:0003A044       Classes.TComponent.ReadLeft
 0001:0003A458       Classes.TComponent.ReadState
 0001:0003A058       Classes.TComponent.ReadTop
 0001:0003ABE8       Classes.TComponent.ReferenceInterface
 0001:0003A0C0       Classes.TComponent.Remove
 0001:0003A19C       Classes.TComponent.RemoveComponent
 0001:0003A2D4       Classes.TComponent.RemoveFreeNotification
 0001:00039FB0       Classes.TComponent.RemoveFreeNotifications
 0001:0003A27C       Classes.TComponent.RemoveNotification
 0001:0003AAB4       Classes.TComponent.SafeCallException
 0001:0003A424       Classes.TComponent.SetChildOrder
 0001:0003A8CC       Classes.TComponent.SetComponentIndex
 0001:0003A920       Classes.TComponent.SetDesigning
 0001:0003A7AC       Classes.TComponent.SetName
 0001:0003A42C       Classes.TComponent.SetParentComponent
 0001:0003A970       Classes.TComponent.SetReference
 0001:0003A9E8       Classes.TComponent.SetSubComponent
 0001:0003A9C0       Classes.TComponent.UpdateAction
 0001:0003A43C       Classes.TComponent.Updated
 0001:0003AADC       Classes.TComponent.UpdateRegistry
 0001:0003A430       Classes.TComponent.Updating
 0001:0003A4F0       Classes.TComponent.ValidateContainer
 0001:0003A504       Classes.TComponent.ValidateInsert
 0001:0003A468       Classes.TComponent.ValidateRename
 0001:0003A06C       Classes.TComponent.WriteLeft
 0001:0003A460       Classes.TComponent.WriteState
 0001:0003A078       Classes.TComponent.WriteTop
 0001:0003AB24       Classes.TComponent._AddRef
 0001:0003AB44       Classes.TComponent._Release
 0001:00039EA4       Classes.TComponentEnumerator.Create
 0001:00039EE8       Classes.TComponentEnumerator.GetCurrent
 0001:00039EF4       Classes.TComponentEnumerator.MoveNext
 0001:000325F4       Classes.TCustomMemoryStream.Read
 0001:00032668       Classes.TCustomMemoryStream.SaveToFile
 0001:00032650       Classes.TCustomMemoryStream.SaveToStream
 0001:0003262C       Classes.TCustomMemoryStream.Seek
 0001:000325EC       Classes.TCustomMemoryStream.SetPointer
 0001:00032AB4       Classes.TFiler.Create
 0001:00028124       Classes.TFiler.DefineBinaryProperty
 0001:0002811C       Classes.TFiler.DefineProperty
 0001:00032AFC       Classes.TFiler.Destroy
 0001:0002812C       Classes.TFiler.FlushBuffer
 0001:00032B24       Classes.TFiler.SetRoot
 0001:00032444       Classes.TFileStream.Create
 0001:00032400       Classes.TFileStream.Create
 0001:000325B8       Classes.TFileStream.Destroy
 0001:0003233C       Classes.THandleStream.Create
 0001:00032378       Classes.THandleStream.Read
 0001:00032398       Classes.THandleStream.Seek
 0001:000323C4       Classes.THandleStream.SetSize
 0001:000323D8       Classes.THandleStream.SetSize
 0001:00032388       Classes.THandleStream.Write
 0004:00004F6C       Classes.ThreadLock
 0001:0003900C       Classes.ThreadProc
 0001:0002DA3C       Classes.TIntConst.Create
 0001:0002F208       Classes.TInterfacedPersistent.AfterConstruction
 0001:0002F298       Classes.TInterfacedPersistent.QueryInterface
 0001:0002F258       Classes.TInterfacedPersistent._AddRef
 0001:0002F278       Classes.TInterfacedPersistent._Release
 0001:0002E1A4       Classes.TList.Add
 0001:0002E9E0       Classes.TList.Assign
 0001:0002E1E4       Classes.TList.Clear
 0001:0002E1FC       Classes.TList.Delete
 0001:0002E184       Classes.TList.Destroy
 0001:0002E268       Classes.TList.Error
 0001:0002E2A0       Classes.TList.Error
 0001:0002E2F4       Classes.TList.Exchange
 0001:0002E344       Classes.TList.Expand
 0001:0002E984       Classes.TList.Extract
 0001:0002E98C       Classes.TList.ExtractItem
 0001:0002E35C       Classes.TList.First
 0001:0002E364       Classes.TList.Get
 0001:0002E388       Classes.TList.GetEnumerator
 0001:0002E398       Classes.TList.Grow
 0001:0002E3CC       Classes.TList.IndexOf
 0001:0002E3F0       Classes.TList.IndexOfItem
 0001:0002E41C       Classes.TList.Insert
 0001:0002E494       Classes.TList.Last
 0001:0002E4B8       Classes.TList.Move
 0001:0002E9DC       Classes.TList.Notify
 0001:0002E594       Classes.TList.Pack
 0001:0002E510       Classes.TList.Put
 0001:0002E56C       Classes.TList.Remove
 0001:0002E574       Classes.TList.RemoveItem
 0001:0002E608       Classes.TList.SetCapacity
 0001:0002E644       Classes.TList.SetCount
 0001:0002E8E4       Classes.TList.Sort
 0001:0002E8D8       Classes.TList.Sort$ActRec.$0$Body
 0001:0002E964       Classes.TList.SortList
 0001:0002E11C       Classes.TListEnumerator.Create
 0001:0002E160       Classes.TListEnumerator.GetCurrent
 0001:0002E16C       Classes.TListEnumerator.MoveNext
 0001:000326EC       Classes.TMemoryStream.Clear
 0001:000326C0       Classes.TMemoryStream.Destroy
 0001:0003273C       Classes.TMemoryStream.LoadFromFile
 0001:00032704       Classes.TMemoryStream.LoadFromStream
 0001:000327E4       Classes.TMemoryStream.Realloc
 0001:00032790       Classes.TMemoryStream.SetCapacity
 0001:000327B8       Classes.TMemoryStream.SetSize
 0001:00032864       Classes.TMemoryStream.Write
 0001:0002F090       Classes.TPersistent.Assign
 0001:0002F0A4       Classes.TPersistent.AssignError
 0001:0002F160       Classes.TPersistent.AssignTo
 0001:0002F168       Classes.TPersistent.DefineProperties
 0001:0002F064       Classes.TPersistent.Destroy
 0001:0002F16C       Classes.TPersistent.GetNamePath
 0001:0002F204       Classes.TPersistent.GetOwner
 0001:00032E3C       Classes.TPropFixup.Create
 0001:00032E94       Classes.TPropFixup.MakeGlobalReference
 0001:00032EF4       Classes.TPropFixup.ResolveReference
 0001:00032F04       Classes.TPropIntfFixup.ResolveReference
 0001:000334C0       Classes.TReader.BeginReferences
 0001:00033528       Classes.TReader.CheckValue
 0001:00035DB8       Classes.TReader.CopyValue
 0001:00033588       Classes.TReader.DefineBinaryProperty
 0001:0003354C       Classes.TReader.DefineProperty
 0001:00033484       Classes.TReader.Destroy
 0001:0003380C       Classes.TReader.DoFixupReferences
 0001:00033670       Classes.TReader.EndOfList
 0001:00033684       Classes.TReader.EndReferences
 0001:000336A0       Classes.TReader.Error
 0001:00036094       Classes.TReader.FindAncestorComponent
 0001:0003618C       Classes.TReader.FindComponentClass
 0001:00033734       Classes.TReader.FindMethod
 0001:000336C4       Classes.TReader.FindMethodInstance
 0001:00033950       Classes.TReader.FixupReferences
 0001:00033988       Classes.TReader.FlushBuffer
 0001:000339AC       Classes.TReader.FreeFixups
 0001:000339E8       Classes.TReader.GetFieldClass
 0001:00033A7C       Classes.TReader.GetPosition
 0001:00033A94       Classes.TReader.NextValue
 0001:00033AA4       Classes.TReader.PropertyError
 0001:00033AB8       Classes.TReader.Read
 0001:00033B40       Classes.TReader.ReadBoolean
 0001:00033B04       Classes.TReader.ReadBuffer
 0001:00033B54       Classes.TReader.ReadChar
 0001:00033C48       Classes.TReader.ReadCollection
 0001:00034114       Classes.TReader.ReadComponent
 0001:00035488       Classes.TReader.ReadComponents
 0001:00034554       Classes.TReader.ReadCurrency
 0001:00034354       Classes.TReader.ReadData
 0001:000343C4       Classes.TReader.ReadDataInner
 0001:000345A4       Classes.TReader.ReadDate
 0001:000344CC       Classes.TReader.ReadDouble
 0001:00034494       Classes.TReader.ReadFloat
 0001:000345E8       Classes.TReader.ReadIdent
 0001:000347EC       Classes.TReader.ReadInt64
 0001:00034780       Classes.TReader.ReadInteger
 0001:00034830       Classes.TReader.ReadListBegin
 0001:00034838       Classes.TReader.ReadListEnd
 0001:00034840       Classes.TReader.ReadPrefix
 0001:0003496C       Classes.TReader.ReadProperty
 0001:00034D88       Classes.TReader.ReadPropValue
 0001:00035154       Classes.TReader.ReadRootComponent
 0001:00035578       Classes.TReader.ReadSet
 0001:00035634       Classes.TReader.ReadSignature
 0001:00034510       Classes.TReader.ReadSingle
 0001:00035658       Classes.TReader.ReadStr
 0001:000356E8       Classes.TReader.ReadString
 0001:00035910       Classes.TReader.ReadValue
 0001:00036410       Classes.TReader.ReadVariant
 0001:00033BE8       Classes.TReader.ReadWideChar
 0001:000357D0       Classes.TReader.ReadWideString
 0001:0003614C       Classes.TReader.ReferenceName
 0001:00036164       Classes.TReader.SetName
 0001:00035924       Classes.TReader.SetPosition
 0001:00036200       Classes.TReader.SkipBytes
 0001:00035FE8       Classes.TReader.SkipComponent
 0001:00035FA0       Classes.TReader.SkipProperty
 0001:00035944       Classes.TReader.SkipSetBody
 0001:00035A4C       Classes.TReader.SkipValue
 0001:0002C910       Classes.TRegGroup.AddClass
 0001:0002C91C       Classes.TRegGroup.BestClass
 0001:0002C97C       Classes.TRegGroup.BestGroup
 0001:0002C9EC       Classes.TRegGroup.Create
 0001:0002CA48       Classes.TRegGroup.Destroy
 0001:0002CA88       Classes.TRegGroup.GetClass
 0001:0002CAD8       Classes.TRegGroup.GetClasses
 0001:0002CB20       Classes.TRegGroup.IndexOfClass
 0001:0002CB98       Classes.TRegGroup.InGroup
 0001:0002CBDC       Classes.TRegGroup.RegisterClass
 0001:0002CC90       Classes.TRegGroup.RegisterClassAlias
 0001:0002CCC8       Classes.TRegGroup.Registered
 0001:0002CCE0       Classes.TRegGroup.UnregisterClass
 0001:0002CD40       Classes.TRegGroup.UnregisterModuleClasses
 0001:0002CE80       Classes.TRegGroups.Activate
 0001:0002CECC       Classes.TRegGroups.AddClass
 0001:0002CEEC       Classes.TRegGroups.Create
 0001:0002CF60       Classes.TRegGroups.Destroy
 0001:0002CFC0       Classes.TRegGroups.FindGroup
 0001:0002D004       Classes.TRegGroups.GetClass
 0001:0002D048       Classes.TRegGroups.GroupedWith
 0001:0002D0EC       Classes.TRegGroups.GroupWith
 0001:0002D1C0       Classes.TRegGroups.Lock
 0001:0002D1CC       Classes.TRegGroups.RegisterClass
 0001:0002D1E4       Classes.TRegGroups.RegisterClassAlias
 0001:0002D204       Classes.TRegGroups.Registered
 0001:0002D248       Classes.TRegGroups.StartGroup
 0001:0002D298       Classes.TRegGroups.Unlock
 0001:0002D2A4       Classes.TRegGroups.UnregisterClass
 0001:0002D2D4       Classes.TRegGroups.UnregisterModuleClasses
 0001:000328B4       Classes.TResourceStream.Create
 0001:0003290C       Classes.TResourceStream.CreateFromID
 0001:00032A6C       Classes.TResourceStream.Destroy
 0001:00032A00       Classes.TResourceStream.Initialize
 0001:00032A9C       Classes.TResourceStream.Write
 0001:00031CF0       Classes.TStream.CopyFrom
 0001:00032158       Classes.TStream.FixupResourceHeader
 0001:00031A2C       Classes.TStream.GetPosition
 0001:00031A60       Classes.TStream.GetSize
 0001:000267D0       Classes.TStream.Read
 0001:00031C80       Classes.TStream.ReadBuffer
 0001:00031DE4       Classes.TStream.ReadComponent
 0001:00031EA8       Classes.TStream.ReadComponentRes
 0001:00032250       Classes.TStream.ReadResHeader
 0001:00031C10       Classes.TStream.Seek
 0001:00031B8C       Classes.TStream.Seek
 0001:00031A4C       Classes.TStream.SetPosition
 0001:00031AAC       Classes.TStream.SetSize
 0001:00031AC4       Classes.TStream.SetSize
 0001:00031AB0       Classes.TStream.SetSize64
 0001:000267D8       Classes.TStream.Write
 0001:00031CB8       Classes.TStream.WriteBuffer
 0001:00031E44       Classes.TStream.WriteComponent
 0001:00031EC4       Classes.TStream.WriteComponentRes
 0001:00031E4C       Classes.TStream.WriteDescendent
 0001:0003221C       Classes.TStream.WriteDescendentRes
 0001:00031ECC       Classes.TStream.WriteResourceHeader
 0001:0003B474       Classes.TStreamAdapter.Clone
 0001:0003B3C8       Classes.TStreamAdapter.Commit
 0001:0003B1C0       Classes.TStreamAdapter.CopyTo
 0001:0003AF84       Classes.TStreamAdapter.Create
 0001:0003AFD0       Classes.TStreamAdapter.Destroy
 0001:0003B3E0       Classes.TStreamAdapter.LockRegion
 0001:0003B008       Classes.TStreamAdapter.Read
 0001:0003B3D4       Classes.TStreamAdapter.Revert
 0001:0003B0D8       Classes.TStreamAdapter.Seek
 0001:0003B15C       Classes.TStreamAdapter.SetSize
 0001:0003B3F8       Classes.TStreamAdapter.Stat
 0001:0003B3EC       Classes.TStreamAdapter.UnlockRegion
 0001:0003B070       Classes.TStreamAdapter.Write
 0001:00031314       Classes.TStringList.Add
 0001:00031324       Classes.TStringList.AddObject
 0001:00031388       Classes.TStringList.Changed
 0001:000313A4       Classes.TStringList.Changing
 0001:000313C0       Classes.TStringList.Clear
 0001:0003196C       Classes.TStringList.CompareStrings
 0001:00031988       Classes.TStringList.Create
 0001:000319C0       Classes.TStringList.Create
 0001:00031934       Classes.TStringList.CustomSort
 0001:00031428       Classes.TStringList.Delete
 0001:00031290       Classes.TStringList.Destroy
 0001:000314A8       Classes.TStringList.Exchange
 0001:00031504       Classes.TStringList.ExchangeItems
 0001:00031528       Classes.TStringList.Find
 0001:000315AC       Classes.TStringList.Get
 0001:000315DC       Classes.TStringList.GetCapacity
 0001:000315E0       Classes.TStringList.GetCount
 0001:000315E4       Classes.TStringList.GetObject
 0001:00031608       Classes.TStringList.Grow
 0001:0003163C       Classes.TStringList.IndexOf
 0001:00031678       Classes.TStringList.Insert
 0001:000316DC       Classes.TStringList.InsertItem
 0001:00031688       Classes.TStringList.InsertObject
 0001:00031758       Classes.TStringList.Put
 0001:000317B0       Classes.TStringList.PutObject
 0001:000317EC       Classes.TStringList.QuickSort
 0001:00031884       Classes.TStringList.SetCapacity
 0001:00031A04       Classes.TStringList.SetCaseSensitive
 0001:000318C4       Classes.TStringList.SetSorted
 0001:000318E4       Classes.TStringList.SetUpdateState
 0001:00031924       Classes.TStringList.Sort
 0001:0002FC84       Classes.TStrings.Add
 0001:0002FCA8       Classes.TStrings.AddObject
 0001:0002FCD8       Classes.TStrings.AddStrings
 0001:0002FCCC       Classes.TStrings.Append
 0001:0002FD90       Classes.TStrings.Assign
 0001:0002FE4C       Classes.TStrings.BeginUpdate
 0001:00025A58       Classes.TStrings.Clear
 0001:00031248       Classes.TStrings.CompareStrings
 0001:0002FEBC       Classes.TStrings.DefineProperties
 0001:00025A60       Classes.TStrings.Delete
 0001:0002FC54       Classes.TStrings.Destroy
 0001:0002FF14       Classes.TStrings.EndUpdate
 0001:0002FF28       Classes.TStrings.Equals
 0001:0002FFD4       Classes.TStrings.Error
 0001:0003000C       Classes.TStrings.Error
 0001:00030064       Classes.TStrings.Exchange
 0001:00030150       Classes.TStrings.GetCapacity
 0001:00030158       Classes.TStrings.GetCommaText
 0001:000301F0       Classes.TStrings.GetDelimitedText
 0001:00031134       Classes.TStrings.GetDelimiter
 0001:00030460       Classes.TStrings.GetEnumerator
 0001:00031150       Classes.TStrings.GetLineBreak
 0001:00031254       Classes.TStrings.GetNameValueSeparator
 0001:00030470       Classes.TStrings.GetObject
 0001:0003118C       Classes.TStrings.GetQuoteChar
 0001:000311A8       Classes.TStrings.GetStrictDelimiter
 0001:00030474       Classes.TStrings.GetText
 0001:000304C8       Classes.TStrings.GetTextStr
 0001:00030660       Classes.TStrings.IndexOf
 0001:000306EC       Classes.TStrings.IndexOfName
 0001:000307C0       Classes.TStrings.IndexOfObject
 0001:00025A68       Classes.TStrings.Insert
 0001:000307F4       Classes.TStrings.InsertObject
 0001:00030878       Classes.TStrings.LoadFromFile
 0001:00030824       Classes.TStrings.LoadFromFile
 0001:000308E0       Classes.TStrings.LoadFromStream
 0001:000308D4       Classes.TStrings.LoadFromStream
 0001:000309D4       Classes.TStrings.Move
 0001:00030A84       Classes.TStrings.Put
 0001:00030AB4       Classes.TStrings.PutObject
 0001:00030AB8       Classes.TStrings.ReadData
 0001:00030B68       Classes.TStrings.SaveToFile
 0001:00030B78       Classes.TStrings.SaveToFile
 0001:00030BE8       Classes.TStrings.SaveToStream
 0001:00030BD8       Classes.TStrings.SaveToStream
 0001:00030CA0       Classes.TStrings.SetCapacity
 0001:00030CA4       Classes.TStrings.SetCommaText
 0001:00030F84       Classes.TStrings.SetDelimitedText
 0001:000311C0       Classes.TStrings.SetDelimiter
 0001:000311E0       Classes.TStrings.SetLineBreak
 0001:00031270       Classes.TStrings.SetNameValueSeparator
 0001:0003120C       Classes.TStrings.SetQuoteChar
 0001:0003122C       Classes.TStrings.SetStrictDelimiter
 0001:00030CCC       Classes.TStrings.SetStringsAdapter
 0001:00030D00       Classes.TStrings.SetText
 0001:00030D50       Classes.TStrings.SetTextStr
 0001:00030EFC       Classes.TStrings.SetUpdateState
 0001:00030F00       Classes.TStrings.WriteData
 0001:0002FBDC       Classes.TStringsEnumerator.Create
 0001:0002FC20       Classes.TStringsEnumerator.GetCurrent
 0001:0002FC38       Classes.TStringsEnumerator.MoveNext
 0004:00004F48       Classes.TThread.$ClassInitFlag
 0001:00039260       Classes.TThread.AfterConstruction
 0001:00039308       Classes.TThread.CallOnTerminate
 0001:00039274       Classes.TThread.CheckThreadError
 0001:000392F0       Classes.TThread.CheckThreadError
 0001:000390C0       Classes.TThread.Create
 0002:0000023C       Classes.TThread.Create@
 0001:000391C4       Classes.TThread.Destroy
 0001:00039238       Classes.TThread.Destroy@
 0001:0003931C       Classes.TThread.DoTerminate
 0005:00000008       Classes.TThread.FCurrentThread
 0001:00039330       Classes.TThread.GetPriority
 0001:0003936C       Classes.TThread.InternalStart
 0001:00039E04       Classes.TThread.NameThreadForDebugging
 0001:00039444       Classes.TThread.Queue
 0001:00039598       Classes.TThread.Queue
 0001:000394CC       Classes.TThread.Queue
 0001:00039A00       Classes.TThread.Queue
 0001:00039B94       Classes.TThread.RemoveQueuedEvents
 0001:00039638       Classes.TThread.RemoveQueuedEvents
 0001:00039C38       Classes.TThread.RemoveQueuedEvents
 0001:00039CF8       Classes.TThread.Resume
 0001:00039418       Classes.TThread.SetPriority
 0001:00039C4C       Classes.TThread.SetSuspended
 0001:00039C64       Classes.TThread.SpinWait
 0001:00039C80       Classes.TThread.Start
 0001:000396FC       Classes.TThread.StaticQueue
 0001:00039B80       Classes.TThread.StaticSynchronize
 0001:00039C88       Classes.TThread.Suspend
 0001:00039710       Classes.TThread.Synchronize
 0001:000398D4       Classes.TThread.Synchronize
 0001:00039970       Classes.TThread.Synchronize
 0001:00039AE4       Classes.TThread.Synchronize
 0001:00039908       Classes.TThread.Synchronize
 0001:00039D20       Classes.TThread.Terminate
 0001:00039D44       Classes.TThread.WaitFor
 0001:0002ED7C       Classes.TThreadList.Add
 0001:0002EE04       Classes.TThreadList.Clear
 0001:0002ECAC       Classes.TThreadList.Create
 0001:0002ED00       Classes.TThreadList.Destroy
 0001:0002EE4C       Classes.TThreadList.LockList
 0001:0002EE60       Classes.TThreadList.Remove
 0001:0002EE68       Classes.TThreadList.RemoveItem
 0001:0002EEBC       Classes.TThreadList.UnlockList
 0001:0003665C       Classes.TWriter.AddAncestor
 0001:00036690       Classes.TWriter.DefineBinaryProperty
 0001:00036668       Classes.TWriter.DefineProperty
 0001:00036630       Classes.TWriter.Destroy
 0001:000366CC       Classes.TWriter.FindMethodName
 0001:00036714       Classes.TWriter.FlushBuffer
 0001:00038CE8       Classes.TWriter.GetLookupInfo
 0001:000366BC       Classes.TWriter.GetPosition
 0001:0003671C       Classes.TWriter.SetPosition
 0001:00036758       Classes.TWriter.SetRoot
 0001:00036770       Classes.TWriter.Write
 0001:000367BC       Classes.TWriter.WriteBinary
 0001:0003685C       Classes.TWriter.WriteBoolean
 0001:00036844       Classes.TWriter.WriteBuffer
 0001:00036870       Classes.TWriter.WriteChar
 0001:00036910       Classes.TWriter.WriteCollection
 0001:00036A00       Classes.TWriter.WriteComponent
 0001:00036FA8       Classes.TWriter.WriteCurrency
 0001:00036B54       Classes.TWriter.WriteData
 0001:00036FCC       Classes.TWriter.WriteDate
 0001:00036F14       Classes.TWriter.WriteDescendent
 0001:00036F84       Classes.TWriter.WriteDouble
 0001:00036F3C       Classes.TWriter.WriteFloat
 0001:00036FF0       Classes.TWriter.WriteIdent
 0001:000370D4       Classes.TWriter.WriteInteger
 0001:00037148       Classes.TWriter.WriteInteger
 0001:000371A0       Classes.TWriter.WriteListBegin
 0001:000371A8       Classes.TWriter.WriteListEnd
 0001:000389AC       Classes.TWriter.WriteMinStr
 0001:000371B0       Classes.TWriter.WritePrefix
 0001:000371F8       Classes.TWriter.WriteProperties
 0001:00038350       Classes.TWriter.WriteProperty
 0001:00038884       Classes.TWriter.WritePropName
 0001:000388D8       Classes.TWriter.WriteRootComponent
 0001:000388E0       Classes.TWriter.WriteSignature
 0001:00036F60       Classes.TWriter.WriteSingle
 0001:000388F0       Classes.TWriter.WriteStr
 0001:00038AE0       Classes.TWriter.WriteString
 0001:00038BF8       Classes.TWriter.WriteUTF8Str
 0001:00038CD4       Classes.TWriter.WriteValue
 0001:000384A4       Classes.TWriter.WriteVariant
 0001:000368C0       Classes.TWriter.WriteWideChar
 0001:00038CCC       Classes.TWriter.WriteWideString
 0001:0002DC60       Classes.UnregisterFindGlobalComponentProc
 0001:0002D744       Classes.UnRegisterModuleClasses
 0003:00000FE8       Classes.UtilWindowClass
 0001:00038DF0       Classes.WaitForSyncEvent
 0003:00000F90       Classes.WakeMainThread
 0001:0002DF94       Classes.WriteCollection
 0001:00037B80       Classes.WriteCollectionProp
 0001:00037D1C       Classes.WriteFloatProp
 0001:00037D5C       Classes.WriteInt64Prop
 0001:00038180       Classes.WriteInterfaceProp
 0001:00037B14       Classes.WriteIntProp
 0001:0003825C       Classes.WriteMethodProp
 0001:00037F6C       Classes.WriteObjectProp
 0001:00037C24       Classes.WriteOrdProp
 0001:00037A28       Classes.WritePropPath
 0001:00037A80       Classes.WriteSet
 0001:00037D98       Classes.WriteStrProp
 0001:000382EC       Classes.WriteVariantProp
 0004:0000516C       Clipbrd..3
 0004:0000516A       Clipbrd.CF_COMPONENT
 0004:00005168       Clipbrd.CF_PICTURE
 0002:00000950       Clipbrd.Clipbrd
 0004:00005170       Clipbrd.FClipboard
 0001:0005CB34       Clipbrd.Finalization
 0004:0000517C       ComCtrls..96
 0001:0005CF48       ComCtrls..TConversion
 0002:00000A1C       ComCtrls.ComCtrls
 0004:00005180       ComCtrls.ConversionFormatList
 0001:0005D2E0       ComCtrls.Finalization
 0001:0005D280       ComCtrls.FreeConversionFormatList
 0004:00005188       ComCtrls.FRichEditModule
 0003:0000194C       ComCtrls.RTFConversionFormat
 0004:00005184       ComCtrls.ShellModule
 0001:0005D1C8       ComCtrls.TConversion.ConvertReadStream
 0001:0005D224       ComCtrls.TConversion.ConvertWriteStream
 0001:0005D190       ComCtrls.TConversion.Create
 0003:00001954       ComCtrls.TextConversionFormat
 0001:0000B2BC       CommCtrl.FlatSB_GetScrollInfo
 0001:0000B2C4       CommCtrl.FlatSB_GetScrollPos
 0001:0000B2CC       CommCtrl.FlatSB_SetScrollInfo
 0001:0000B2D4       CommCtrl.FlatSB_SetScrollPos
 0001:0000B2DC       CommCtrl.FlatSB_SetScrollProp
 0001:0000B1F4       CommCtrl.ImageList_Add
 0001:0000B254       CommCtrl.ImageList_BeginDrag
 0001:0000B24C       CommCtrl.ImageList_Copy
 0001:0000B1D4       CommCtrl.ImageList_Create
 0001:0000B1DC       CommCtrl.ImageList_Destroy
 0001:0000B264       CommCtrl.ImageList_DragEnter
 0001:0000B26C       CommCtrl.ImageList_DragLeave
 0001:0000B274       CommCtrl.ImageList_DragMove
 0001:0000B27C       CommCtrl.ImageList_DragShowNolock
 0001:0000B21C       CommCtrl.ImageList_Draw
 0001:0000B22C       CommCtrl.ImageList_DrawEx
 0001:0000B25C       CommCtrl.ImageList_EndDrag
 0001:0000B20C       CommCtrl.ImageList_GetBkColor
 0001:0000B284       CommCtrl.ImageList_GetDragImage
 0001:0000B23C       CommCtrl.ImageList_GetIcon
 0001:0000B29C       CommCtrl.ImageList_GetIconSize
 0001:0000B1E4       CommCtrl.ImageList_GetImageCount
 0001:0000B2AC       CommCtrl.ImageList_GetImageInfo
 0001:0000B244       CommCtrl.ImageList_LoadImage
 0001:0000B28C       CommCtrl.ImageList_Read
 0001:0000B234       CommCtrl.ImageList_Remove
 0001:0000B224       CommCtrl.ImageList_Replace
 0001:0000B1FC       CommCtrl.ImageList_ReplaceIcon
 0001:0000B204       CommCtrl.ImageList_SetBkColor
 0001:0000B2A4       CommCtrl.ImageList_SetIconSize
 0001:0000B1EC       CommCtrl.ImageList_SetImageCount
 0001:0000B214       CommCtrl.ImageList_SetOverlayImage
 0001:0000B294       CommCtrl.ImageList_Write
 0001:0000B2E4       CommCtrl.InitializeFlatSB
 0001:0000B2B4       CommCtrl._TrackMouseEvent
 0001:0003DE68       Contnrs..TOrderedList
 0001:0003E080       Contnrs..TStack
 0001:0003E110       Contnrs.TOrderedList.AtLeast
 0001:0003E13C       Contnrs.TOrderedList.Count
 0001:0003E144       Contnrs.TOrderedList.Create
 0001:0003E188       Contnrs.TOrderedList.Destroy
 0001:0003E11C       Contnrs.TOrderedList.Peek
 0001:0003E1B8       Contnrs.TOrderedList.PeekItem
 0001:0003E124       Contnrs.TOrderedList.Pop
 0001:0003E1CC       Contnrs.TOrderedList.PopItem
 0001:0003E12C       Contnrs.TOrderedList.Push
 0001:0003E1EC       Contnrs.TStack.PushItem
 0004:000051EC       Controls..44
 0001:00068984       Controls..TBaseDragControlObject
 0001:0006C7E4       Controls..TControl
 0001:00069610       Controls..TControlActionLink
 0001:000691F8       Controls..TControlCanvas
 0001:000701F4       Controls..TCustomControl
 0001:0006943C       Controls..TCustomControlAction
 0001:0006A8C4       Controls..TCustomGestureCollectionItem
 0001:0006B104       Controls..TCustomGestureEngine
 0001:0006AB24       Controls..TCustomGestureManager
 0001:0007279C       Controls..TCustomHint
 0001:00072544       Controls..TCustomHintShowHideThread
 0001:00072108       Controls..TCustomHintWindow
 0001:00071930       Controls..TCustomPanningWindow
 0001:0006B2D8       Controls..TCustomTouchManager
 0001:000715BC       Controls..TDockTree
 0001:00070FD4       Controls..TDockZone
 0001:00068B20       Controls..TDragControlObject
 0001:00068C5C       Controls..TDragControlObjectEx
 0001:00068D68       Controls..TDragDockObject
 0001:000690E0       Controls..TDragDockObjectEx
 0001:000708D0       Controls..TDragImageList
 0001:00068480       Controls..TDragObject
 0001:00070024       Controls..TGraphicControl
 0001:00070410       Controls..THintWindow
 0001:00070D2C       Controls..TImageList
 0001:00069EFC       Controls..TMargins
 0001:00071BE0       Controls..TMouse
 0001:0006A3E0       Controls..TPadding
 0001:000734A8       Controls..TSiteList
 0001:00069C94       Controls..TSizeConstraints
 0001:0006B88C       Controls..TTouchManager
 0001:0006EB60       Controls..TWinControl
 0001:0006E5A4       Controls..TWinControlActionLink
 0001:00073C5C       Controls.AbsMin
 0004:00005220       Controls.ActiveDrag
 0001:0007A9D8       Controls.AlignNestedControls
 0001:0007A984       Controls.AlignWork
 0003:00001B28       Controls.AnchorAlign
 0003:00001B1C       Controls.AnimateWindowProc
 0003:00001CA4       Controls.AnimationStyle
 0001:00076E70       Controls.BackgroundClipped
 0001:000854BC       Controls.CalcSplitterPos
 0001:00074CE0       Controls.CancelDrag
 0004:00005234       Controls.CanvasList
 0003:00001BE0       Controls.CaptureControl
 0001:00072DC0       Controls.ChangeBiDiModeAlignment
 0001:00074948       Controls.CheckUndock
 0001:000821F0       Controls.ClientToWindow
 0004:000051F2       Controls.ControlAtom
 0004:000051F8       Controls.ControlAtomString
 0002:00000B30       Controls.Controls
 0003:00001C38       Controls.CPan
 0003:00001C34       Controls.CPanOoptions
 0003:00001C68       Controls.CPanSingleFingerHorizontal
 0003:00001C60       Controls.CPanSingleFingerVertical
 0003:00001C70       Controls.CPanWithGutter
 0003:00001C78       Controls.CPanWithInertia
 0003:00001C50       Controls.CPressAndTap
 0003:00001B24       Controls.CreationControl
 0003:00001C48       Controls.CRotate
 0003:00001C24       Controls.Ctl3DStyles
 0003:00001C58       Controls.CTwoFingerTap
 0003:00001B30       Controls.Cursors
 0001:00073288       Controls.CursorToIdent
 0003:00001C40       Controls.CZoom
 0003:00001B20       Controls.DefaultDockTreeClass
 0001:0007BDB0       Controls.DestroyChildWindow
 0001:0007AC50       Controls.DoAdjustSize
 0001:0007A7F8       Controls.DoAlign
 0001:00080064       Controls.DoCalcConstraints
 0004:00005228       Controls.DockSiteList
 0001:0007CD00       Controls.DoControlMsg
 0001:0007425C       Controls.DoDragOver
 0001:00082EE8       Controls.DoFindControlZone
 0001:00083614       Controls.DoFindZone
 0001:00082F6C       Controls.DoForEach
 0001:00084C8C       Controls.DoGetNextLimit
 0001:00085DC8       Controls.DoneControls
 0001:0007A7B0       Controls.DoPosition
 0001:00084138       Controls.DoPrune
 0001:00084680       Controls.DoSaveZone
 0001:00084984       Controls.DoSetNewBounds
 0001:0007BA2C       Controls.DoWriteDesignSize
 0001:00078404       Controls.DoWriteExplicit
 0001:000783D0       Controls.DoWriteIsControl
 0004:0000520C       Controls.DragCapture
 0004:00005200       Controls.DragControl
 0001:000749BC       Controls.DragDone
 0001:0007420C       Controls.DragFindTarget
 0001:000741E0       Controls.DragFindWindow
 0004:00005224       Controls.DragImageList
 0001:00074620       Controls.DragInit
 0001:00074790       Controls.DragInitControl
 0004:00005208       Controls.DragInternalObject
 0001:00074128       Controls.DragMessage
 0004:00005204       Controls.DragObject
 0004:00005230       Controls.DragSave
 0004:00005218       Controls.DragSaveCursor
 0004:00005210       Controls.DragStartPos
 0004:0000521C       Controls.DragThreshold
 0001:00074338       Controls.DragTo
 0001:00083BB8       Controls.DrawCloseButton
 0001:00083C4C       Controls.DrawGrabberLine
 0001:00083CD8       Controls.DrawThemedGrabber
 0001:0007D21C       Controls.DrawThemeEdge
 0003:00001C14       Controls.EdgeStyles
 0001:00087A8C       Controls.Finalization
 0001:00072F18       Controls.FindControl
 0001:00074D2C       Controls.FindDragTarget
 0001:00074CF8       Controls.FindVCLWindow
 0004:00005238       Controls.FlagControl
 0001:00074E20       Controls.FreeDeviceContext
 0001:00074EE8       Controls.FreeDeviceContexts
 0003:00001C2C       Controls.GestureMap
 0001:0007343C       Controls.GetCaptureControl
 0001:0007A618       Controls.GetClientSize
 0001:0007C2BC       Controls.GetControlAtPos
 0001:00084D6C       Controls.GetDockAlign
 0001:00073F80       Controls.GetDockSiteAtPos
 0001:00074298       Controls.GetDropCtl
 0001:00082C18       Controls.GetLastChildZone
 0001:000732F0       Controls.GetLongHint
 0001:000732A8       Controls.GetShortHint
 0001:0007366C       Controls.GetTopParent
 0001:00084DE8       Controls.HideZone
 0001:00073298       Controls.IdentToCursor
 0003:00001CCC       Controls.IMM32DLL
 0001:00085DB4       Controls.Imm32IsIME
 0001:00085E68       Controls.InitControls
 0001:00085980       Controls.InitIMM32
 0001:00072DD4       Controls.InitWndProc
 0003:00001BF4       Controls.InnerStyles
 0001:0007A680       Controls.InsertBefore
 0001:00073D40       Controls.IsBeforeTargetWindow
 0001:00074180       Controls.IsDelphiHandle
 0001:00082630       Controls.IsOrientationSet
 0001:00073F3C       Controls.IsSiteChildOfClient
 0001:00072F74       Controls.IsVCLControl
 0004:000051E0       Controls.IsVCLControlHook
 0001:000870E0       Controls.LatestHintWindow
 0001:00074D78       Controls.ListAdd
 0001:00074DA0       Controls.ListRemove
 0003:00001CB8       Controls.MakeLast
 0001:00079688       Controls.MinVar
 0003:00001CD0       Controls.ModeMap
 0004:000051DC       Controls.Mouse
 0001:00072D84       Controls.MouseOriginToShiftState
 0001:00074DF0       Controls.MoveWindowOrg
 0004:000051E8       Controls.NewStyleControls
 0001:00082614       Controls.NextVisibleZone
 0001:00072EE4       Controls.ObjectFromHWnd
 0003:00001C80       Controls.Options
 0003:00001CB0       Controls.OrientArray
 0003:00001C04       Controls.OuterStyles
 0003:00001BE4       Controls.PaintMessage
 0001:00082A40       Controls.ParentNotLast
 0001:00073388       Controls.PerformBufferedPrintClient
 0001:00073338       Controls.PerformEraseBackground
 0001:0007BA18       Controls.PointsEqual
 0004:0000522C       Controls.QualifyingSites
 0001:000837B0       Controls.ReadControlName
 0001:000740CC       Controls.RegisterDockSite
 0004:000051FC       Controls.RM_GetObjectInstance
 0001:00072FA4       Controls.SendAppMessage
 0001:00073464       Controls.SetCaptureControl
 0001:00085CDC       Controls.SetImeMode
 0001:00078F00       Controls.SetParentColor
 0003:00001BEC       Controls.ShowFlags
 0001:00084E68       Controls.ShowZone
 0003:00001CC4       Controls.SizeCursors
 0001:00073A40       Controls.TBaseDragControlObject.Assign
 0001:00073A04       Controls.TBaseDragControlObject.Create
 0001:00073A6C       Controls.TBaseDragControlObject.EndDrag
 0001:00073A98       Controls.TBaseDragControlObject.Finished
 0001:000793B8       Controls.TControl.ActionChange
 0001:000797AC       Controls.TControl.AdjustSize
 0001:000795DC       Controls.TControl.AssignTo
 0001:00077210       Controls.TControl.BeginAutoDrag
 0001:0007722C       Controls.TControl.BeginDrag
 0001:00076CC0       Controls.TControl.BringToFront
 0001:00077DD4       Controls.TControl.CalcCursorPos
 0001:00077F8C       Controls.TControl.CalcDockSizes
 0001:00077CD4       Controls.TControl.CanAutoSize
 0001:00077CD8       Controls.TControl.CanResize
 0001:00076610       Controls.TControl.Changed
 0001:00076620       Controls.TControl.ChangeScale
 0001:00078A30       Controls.TControl.CheckNewSize
 0001:00078804       Controls.TControl.Click
 0001:000799E8       Controls.TControl.ClientToParent
 0001:00076414       Controls.TControl.ClientToScreen
 0001:0007907C       Controls.TControl.CMBiDiModeChanged
 0001:00078EF4       Controls.TControl.CMColorChanged
 0001:000791F8       Controls.TControl.CMDesignHitTest
 0001:00078EDC       Controls.TControl.CMEnabledChanged
 0001:00079358       Controls.TControl.CMFloat
 0001:00078EE8       Controls.TControl.CMFontChanged
 0001:00079008       Controls.TControl.CMGesture
 0001:00079838       Controls.TControl.CMHintShow
 0001:00079128       Controls.TControl.CMHitTest
 0001:00079C08       Controls.TControl.CMMouseActivate
 0001:00079130       Controls.TControl.CMMouseEnter
 0001:00079194       Controls.TControl.CMMouseLeave
 0001:00078F98       Controls.TControl.CMMouseWheel
 0001:00078F74       Controls.TControl.CMParentBiDiModeChanged
 0001:00078F38       Controls.TControl.CMParentColorChanged
 0001:000790D4       Controls.TControl.CMParentFontChanged
 0001:00079098       Controls.TControl.CMParentShowHintChanged
 0001:00079200       Controls.TControl.CMParentTabletOptionsChanged
 0001:00079104       Controls.TControl.CMSysFontChanged
 0001:00078EB4       Controls.TControl.CMVisibleChanged
 0001:00077DA4       Controls.TControl.ConstrainedResize
 0001:00075678       Controls.TControl.Create
 0001:00079234       Controls.TControl.CreateFloatingDockSite
 0001:000792B4       Controls.TControl.CreateTouchManager
 0001:0007887C       Controls.TControl.DblClick
 0001:0007770C       Controls.TControl.DefaultDockImage
 0001:0007831C       Controls.TControl.DefaultHandler
 0001:00078624       Controls.TControl.DefineProperties
 0001:00077E00       Controls.TControl.DesignWndProc
 0001:000757C0       Controls.TControl.Destroy
 0001:000794B8       Controls.TControl.DoActionChange
 0001:00077D08       Controls.TControl.DoCanAutoSize
 0001:00077D74       Controls.TControl.DoCanResize
 0001:000760C0       Controls.TControl.Dock
 0001:000774F8       Controls.TControl.DockTrackNoTarget
 0001:00077E34       Controls.TControl.DoConstrainedResize
 0001:00077CC8       Controls.TControl.DoConstraintsChange
 0001:000799A8       Controls.TControl.DoContextPopup
 0001:000761F0       Controls.TControl.DoDock
 0001:00077858       Controls.TControl.DoDragMsg
 0001:00077510       Controls.TControl.DoEndDock
 0001:000773F8       Controls.TControl.DoEndDrag
 0001:000773D8       Controls.TControl.DoGesture
 0001:000773DC       Controls.TControl.DoGetGestureOptions
 0001:00079C2C       Controls.TControl.DoMarginChange
 0001:0007756C       Controls.TControl.DoMouseActivate
 0001:000788D4       Controls.TControl.DoMouseDown
 0001:00078C70       Controls.TControl.DoMouseUp
 0001:000775A0       Controls.TControl.DoMouseWheel
 0001:00077674       Controls.TControl.DoMouseWheelDown
 0001:000776C0       Controls.TControl.DoMouseWheelUp
 0001:0007753C       Controls.TControl.DoStartDock
 0001:000773B8       Controls.TControl.DoStartDrag
 0001:00077340       Controls.TControl.DragCanceled
 0001:0007738C       Controls.TControl.DragDrop
 0001:00077344       Controls.TControl.Dragging
 0001:00077350       Controls.TControl.DragOver
 0001:00077838       Controls.TControl.DrawDragDockImage
 0001:000797CC       Controls.TControl.DrawTextBiDiModeFlags
 0001:0007980C       Controls.TControl.DrawTextBiDiModeFlagsReadingOnly
 0001:0007730C       Controls.TControl.EndDrag
 0001:00077848       Controls.TControl.EraseDragDockImage
 0001:00076AD0       Controls.TControl.FontChanged
 0001:0007597C       Controls.TControl.GetAction
 0001:000794DC       Controls.TControl.GetActionLinkClass
 0001:00079C50       Controls.TControl.GetAlignWithMargins
 0001:000762A8       Controls.TControl.GetBoundsRect
 0001:00076344       Controls.TControl.GetClientHeight
 0001:00076384       Controls.TControl.GetClientOrigin
 0001:000762EC       Controls.TControl.GetClientRect
 0001:00076304       Controls.TControl.GetClientWidth
 0001:000771A8       Controls.TControl.GetControlsAlignment
 0001:00077F64       Controls.TControl.GetCustomHint
 0001:00076DC8       Controls.TControl.GetDeviceContext
 0001:000796C8       Controls.TControl.GetDockEdge
 0001:000758BC       Controls.TControl.GetDragImages
 0001:00075B6C       Controls.TControl.GetDragMode
 0001:000758C0       Controls.TControl.GetEnabled
 0001:00079778       Controls.TControl.GetFloating
 0001:000797A4       Controls.TControl.GetFloatingDockSiteClass
 0001:000769E0       Controls.TControl.GetLRDockWidth
 0001:00076C88       Controls.TControl.GetMouseCapture
 0001:000758C8       Controls.TControl.GetPalette
 0001:000758D4       Controls.TControl.GetParentComponent
 0001:00078A2C       Controls.TControl.GetPopupMenu
 0001:000769CC       Controls.TControl.GetTBDockHeight
 0001:00076A18       Controls.TControl.GetText
 0001:00076998       Controls.TControl.GetTextBuf
 0001:00076988       Controls.TControl.GetTextLen
 0001:000769A4       Controls.TControl.GetUndockHeight
 0001:000769B8       Controls.TControl.GetUndockWidth
 0001:000758CC       Controls.TControl.HasParent
 0001:00077054       Controls.TControl.Hide
 0001:00079828       Controls.TControl.InitiateAction
 0001:00076F8C       Controls.TControl.Invalidate
 0001:00076EF8       Controls.TControl.InvalidateControl
 0001:00075AA8       Controls.TControl.IsAnchorsStored
 0001:00076B44       Controls.TControl.IsBiDiModeStored
 0001:000794E4       Controls.TControl.IsCaptionStored
 0001:00076C1C       Controls.TControl.IsColorStored
 0001:00079504       Controls.TControl.IsEnabledStored
 0001:00076B24       Controls.TControl.IsFontStored
 0001:00079544       Controls.TControl.IsHelpContextStored
 0001:00079524       Controls.TControl.IsHintStored
 0001:00079584       Controls.TControl.IsOnClickStored
 0001:000771AC       Controls.TControl.IsRightToLeft
 0001:00076B38       Controls.TControl.IsShowHintStored
 0001:00075AC0       Controls.TControl.IsTouchPropertyStored
 0001:00079564       Controls.TControl.IsVisibleStored
 0001:000795A4       Controls.TControl.Loaded
 0001:00077948       Controls.TControl.ManualDock
 0001:00077B34       Controls.TControl.ManualFloat
 0001:00076FA0       Controls.TControl.MouseActivate
 0001:0007889C       Controls.TControl.MouseDown
 0001:00078B7C       Controls.TControl.MouseMove
 0001:00078C38       Controls.TControl.MouseUp
 0001:00076FE8       Controls.TControl.MouseWheelHandler
 0001:00075C44       Controls.TControl.Notification
 0001:00075900       Controls.TControl.PaletteChanged
 0001:00079AF8       Controls.TControl.ParentToClient
 0001:00077F50       Controls.TControl.Perform
 0001:00077F08       Controls.TControl.Perform
 0001:00077F3C       Controls.TControl.Perform
 0001:00077424       Controls.TControl.PositionDockRect
 0001:00079D28       Controls.TControl.ReadExplicitHeight
 0001:00079D40       Controls.TControl.ReadExplicitLeft
 0001:00079D10       Controls.TControl.ReadExplicitTop
 0001:00079CE8       Controls.TControl.ReadExplicitWidth
 0001:000783B0       Controls.TControl.ReadIsControl
 0001:00075B94       Controls.TControl.ReadState
 0001:000770A0       Controls.TControl.Refresh
 0001:000770AC       Controls.TControl.Repaint
 0001:00077BD4       Controls.TControl.ReplaceDockedControl
 0001:00075B5C       Controls.TControl.RequestAlign
 0001:00075B74       Controls.TControl.Resize
 0001:00076440       Controls.TControl.ScaleConstraints
 0001:000764C4       Controls.TControl.ScaleMargins
 0001:00076548       Controls.TControl.ScreenToClient
 0001:00076574       Controls.TControl.SendCancelMode
 0001:000765A4       Controls.TControl.SendDockNotification
 0001:00076CD0       Controls.TControl.SendToBack
 0001:00075A2C       Controls.TControl.SetAction
 0001:00075CC0       Controls.TControl.SetAlign
 0001:00079C58       Controls.TControl.SetAlignWithMargins
 0001:0007598C       Controls.TControl.SetAnchors
 0001:000767E8       Controls.TControl.SetAutoSize
 0001:00076AB4       Controls.TControl.SetBiDiMode
 0001:00075DA8       Controls.TControl.SetBounds
 0001:000762C8       Controls.TControl.SetBoundsRect
 0001:0007635C       Controls.TControl.SetClientHeight
 0001:000768A4       Controls.TControl.SetClientSize
 0001:0007631C       Controls.TControl.SetClientWidth
 0001:00076BD0       Controls.TControl.SetColor
 0001:000799DC       Controls.TControl.SetConstraints
 0001:00076C6C       Controls.TControl.SetCursor
 0001:00076D90       Controls.TControl.SetCustomHint
 0001:00075B20       Controls.TControl.SetDesignVisible
 0001:00075B58       Controls.TControl.SetDragMode
 0001:00076970       Controls.TControl.SetEnabled
 0001:00076B14       Controls.TControl.SetFont
 0001:0007608C       Controls.TControl.SetHeight
 0001:00076248       Controls.TControl.SetHelpContext
 0001:0007625C       Controls.TControl.SetHelpKeyword
 0001:00076280       Controls.TControl.SetHostDockSite
 0001:00075FF0       Controls.TControl.SetLeft
 0001:00079C38       Controls.TControl.SetMargins
 0001:00076C98       Controls.TControl.SetMouseCapture
 0001:00076800       Controls.TControl.SetName
 0001:000768EC       Controls.TControl.SetParent
 0001:00076C48       Controls.TControl.SetParentBiDiMode
 0001:00076C24       Controls.TControl.SetParentColor
 0001:000758D8       Controls.TControl.SetParentComponent
 0001:00076BC0       Controls.TControl.SetParentCustomHint
 0001:00076B4C       Controls.TControl.SetParentFont
 0001:00076B94       Controls.TControl.SetParentShowHint
 0001:000769F4       Controls.TControl.SetPopupMenu
 0001:00076B70       Controls.TControl.SetShowHint
 0001:00076A50       Controls.TControl.SetText
 0001:00075E48       Controls.TControl.SetTextBuf
 0001:00076024       Controls.TControl.SetTop
 0001:00079C44       Controls.TControl.SetTouchManager
 0001:00076938       Controls.TControl.SetVisible
 0001:00076058       Controls.TControl.SetWidth
 0001:00076D6C       Controls.TControl.SetZOrder
 0001:00076CE0       Controls.TControl.SetZOrderPosition
 0001:0007705C       Controls.TControl.Show
 0001:0007708C       Controls.TControl.Update
 0001:00075E6C       Controls.TControl.UpdateAnchorRules
 0001:00078000       Controls.TControl.UpdateBoundsRect
 0001:00079C84       Controls.TControl.UpdateExplicitBounds
 0001:000771DC       Controls.TControl.UseRightToLeftAlignment
 0001:000771C4       Controls.TControl.UseRightToLeftReading
 0001:000771F4       Controls.TControl.UseRightToLeftScrollBar
 0001:00078030       Controls.TControl.VisibleChanging
 0001:00078DC8       Controls.TControl.WMCancelMode
 0001:00079868       Controls.TControl.WMContextMenu
 0001:000789D8       Controls.TControl.WMLButtonDblClk
 0001:00078970       Controls.TControl.WMLButtonDown
 0001:00078CB4       Controls.TControl.WMLButtonUp
 0001:00078B50       Controls.TControl.WMMButtonDblClk
 0001:00078B24       Controls.TControl.WMMButtonDown
 0001:00078D50       Controls.TControl.WMMButtonUp
 0001:00078BB0       Controls.TControl.WMMouseMove
 0001:00078D70       Controls.TControl.WMMouseWheel
 0001:000789BC       Controls.TControl.WMNCLButtonDown
 0001:00078AF8       Controls.TControl.WMRButtonDblClk
 0001:00078ACC       Controls.TControl.WMRButtonDown
 0001:00078D30       Controls.TControl.WMRButtonUp
 0001:00078E04       Controls.TControl.WMWindowPosChanged
 0001:00078034       Controls.TControl.WndProc
 0001:00079CC8       Controls.TControl.WriteExplicitHeight
 0001:00079CD8       Controls.TControl.WriteExplicitLeft
 0001:00079CB8       Controls.TControl.WriteExplicitTop
 0001:00079D00       Controls.TControl.WriteExplicitWidth
 0001:000783C4       Controls.TControl.WriteIsControl
 0001:00075218       Controls.TControlActionLink.AssignClient
 0001:00075234       Controls.TControlActionLink.DoShowHint
 0001:00075330       Controls.TControlActionLink.IsCaptionLinked
 0001:000753A4       Controls.TControlActionLink.IsDropdownMenuLinked
 0001:000753B8       Controls.TControlActionLink.IsEnabledLinked
 0001:000753EC       Controls.TControlActionLink.IsEnableDropdownLinked
 0001:0007558C       Controls.TControlActionLink.IsHelpLinked
 0001:00075400       Controls.TControlActionLink.IsHintLinked
 0001:000754AC       Controls.TControlActionLink.IsOnExecuteLinked
 0001:00075438       Controls.TControlActionLink.IsPopupMenuLinked
 0001:00075478       Controls.TControlActionLink.IsVisibleLinked
 0001:000754D4       Controls.TControlActionLink.SetCaption
 0001:000754F4       Controls.TControlActionLink.SetDropdownMenu
 0001:000754F8       Controls.TControlActionLink.SetEnabled
 0001:00075518       Controls.TControlActionLink.SetEnableDropdown
 0001:00075614       Controls.TControlActionLink.SetHelpContext
 0001:000755F4       Controls.TControlActionLink.SetHelpKeyword
 0001:00075634       Controls.TControlActionLink.SetHelpType
 0001:0007551C       Controls.TControlActionLink.SetHint
 0001:00075560       Controls.TControlActionLink.SetOnExecute
 0001:00075654       Controls.TControlActionLink.SetPopupMenu
 0001:00075540       Controls.TControlActionLink.SetVisible
 0001:00074FC8       Controls.TControlCanvas.CreateHandle
 0001:00074F9C       Controls.TControlCanvas.Destroy
 0001:0007507C       Controls.TControlCanvas.FreeHandle
 0001:000750B0       Controls.TControlCanvas.SetControl
 0001:000750C8       Controls.TControlCanvas.UpdateTextFlags
 0001:000824B8       Controls.TCustomControl.Create
 0001:00082514       Controls.TCustomControl.Destroy
 0001:00082610       Controls.TCustomControl.Paint
 0001:00082564       Controls.TCustomControl.PaintWindow
 0001:00082544       Controls.TCustomControl.WMPaint
 0001:00086084       Controls.TCustomControlAction.SetDropdownMenu
 0001:00086104       Controls.TCustomControlAction.SetEnableDropdown
 0001:0008616C       Controls.TCustomControlAction.SetPopupMenu
 0001:0006B2C8       Controls.TCustomGestureEngine.Create
 0001:0006B2D0       Controls.TCustomGestureEngine.Notification
 0001:0008769C       Controls.TCustomGestureEngine.Supported
 0001:0006B008       Controls.TCustomGestureManager.AddRecordedGesture
 0001:0006B018       Controls.TCustomGestureManager.FindCustomGesture
 0001:0006B010       Controls.TCustomGestureManager.FindCustomGesture
 0001:0006B028       Controls.TCustomGestureManager.FindGesture
 0001:0006B020       Controls.TCustomGestureManager.FindGesture
 0001:0006B030       Controls.TCustomGestureManager.RegisterControl
 0001:0006B038       Controls.TCustomGestureManager.RemoveRecordedGesture
 0001:0006B040       Controls.TCustomGestureManager.RemoveRecordedGesture
 0001:0006B048       Controls.TCustomGestureManager.SelectGesture
 0001:0006B050       Controls.TCustomGestureManager.SelectGesture
 0001:0006B058       Controls.TCustomGestureManager.UnregisterControl
 0001:0006B060       Controls.TCustomGestureManager.UnselectGesture
 0001:00086A0C       Controls.TCustomHint.Create
 0001:00086A5C       Controls.TCustomHint.Destroy
 0001:00086AB0       Controls.TCustomHint.HideHint
 0001:00086ABC       Controls.TCustomHint.HideHint
 0001:00086AC4       Controls.TCustomHint.NCPaintHint
 0001:00086AC8       Controls.TCustomHint.Notification
 0001:00086AF4       Controls.TCustomHint.PaintHint
 0001:000868A8       Controls.TCustomHint.SetHintSize
 0001:000869F4       Controls.TCustomHint.SetImages
 0001:00086D40       Controls.TCustomHint.ShowAnotherHint
 0001:00086D48       Controls.TCustomHint.ShowHint
 0001:00086EA4       Controls.TCustomHint.ShowHint
 0001:00086F78       Controls.TCustomHint.ShowHint
 0001:00086F3C       Controls.TCustomHint.ShowHint
 0001:00086F90       Controls.TCustomHintShowHideThread.Create
 0001:00087014       Controls.TCustomHintShowHideThread.Destroy
 0001:000871F4       Controls.TCustomHintShowHideThread.Execute
 0001:0008767C       Controls.TCustomHintShowHideThread.HideHint
 0001:00087684       Controls.TCustomHintShowHideThread.QueHintWindow
 0001:00087690       Controls.TCustomHintShowHideThread.ResumeWork
 0001:000865E4       Controls.TCustomHintWindow.AutoSize
[...]
 0003:00001C68       Controls.CPanSingleFingerHorizontal
 0003:00001C70       Controls.CPanWithGutter
 0003:00001C78       Controls.CPanWithInertia
 0003:00001C80       Controls.Options
 0003:00001CA4       Controls.AnimationStyle
 0003:00001CB0       Controls.OrientArray
 0003:00001CB8       Controls.MakeLast
 0003:00001CC0       Controls.TreeStreamEndFlag
 0003:00001CC4       Controls.SizeCursors
 0003:00001CCC       Controls.IMM32DLL
 0003:00001CD0       Controls.ModeMap
 0003:00001CD8       Themes.ThemeServicesClass
 0003:00001CDC       Themes.Copyright
 0003:00001CE0       Themes.ThemeDataNames
 0003:00001D40       ImgList.DrawingStyles
 0003:00001D50       ImgList.Images
 0003:00001D58       ImgList.ColorDepthToILConst
 0003:00001D74       ImgList.Mask
 0003:00001D7C       ImgList.ResMap
 0003:00001D88       Forms.HintWindowClass
 0003:00001D8C       Forms.SetLayeredWindowAttributes
 0003:00001D90       Forms.FocusMessages
 0003:00001D94       Forms.FocusCount
 0003:00001D98       Forms.TaskActiveWindow
 0003:00001D9C       Forms.TaskFirstWindow
 0003:00001DA0       Forms.TaskFirstTopMost
 0003:00001DA4       Forms.DisablingWindows
 0003:00001DA8       Forms.TaskWindowList
 0003:00001DAC       Forms.SysConsts
 0003:00001DB4       Forms.SysConsts
 0003:00001DBC       Forms.Props
 0003:00001DE4       Forms.Styles
 0003:00001DF0       Forms.HWND_STYLE
 0003:00001DF8       Forms.ShowCommands
 0003:00001E04       Forms.ShowCommands
 0003:00001E10       Forms.ShowCommands
 0003:00001E1C       Forms.cUseAlpha
 0003:00001E24       Forms.cUseColorKey
 0003:00001E2C       Forms.TileParams
 0003:00001E30       Forms.CursorMap
 0003:00001E84       Forms.HintTimerDelegate
 0003:00001E88       Forms.HintThreadDelegate
 0003:00001E8C       Forms.HintHookDelegate
 0003:00001E90       Forms.MonitorDefaultFlags
 0003:00001E9C       Forms.WindowClass
 0003:00001EC4       Forms.AppVisible
 0003:00001EC8       Forms.ShowFlags
 0003:00001ECC       Unit1.BoolToStr
 0004:00000000       System.DispCallByIDProc
 0004:00000004       System.ExceptProc
 0004:00000008       System.ErrorProc
 0004:0000000C       System.ExceptClsProc
 0004:00000010       System.ExceptObjProc
 0004:00000014       System.RaiseExceptionProc
 0004:00000018       System.RTLUnwindProc
 0004:0000001C       System.RaiseExceptObjProc
 0004:00000020       System.ExceptionAcquired
 0004:00000024       System.ExceptionClass
 0004:00000028       System.AssertErrorProc
 0004:0000002C       System.ExitProcessProc
 0004:00000030       System.AbstractErrorProc
 0004:00000034       System.MainInstance
 0004:00000038       System.MainThreadID
 0004:0000003C       System.IsLibrary
 0004:00000040       System.CmdShow
 0004:00000044       System.CmdLine
 0004:00000048       System.InitProc
 0004:0000004C       System.ExitProc
 0004:00000050       System.IsConsole
 0004:00000051       System.IsMultiThread
 0004:00000052       System.Test8086
 0004:00000054       System.CPUCount
 0004:00000058       System.Input
 0004:00000328       System.Output
 0004:000005F8       System.ErrOutput
 0004:000008C8       System.MonitorSupport
 0004:000008CC       System.DefaultSystemCodePage
 0004:000008D0       System.DefaultUnicodeCodePage
 0004:000008D4       System.UTF8CompareLocale
 0004:000008D8       System.ReportMemoryLeaksOnShutdown
 0004:000008D9       System.NeverSleepOnMMThreadContention
 0004:000008DC       System..8
 0004:000008E0       System.AllocSize2SmallBlockTypeIndX4
 0004:00000A26       System.MinimumBlockAlignment
 0004:00000A28       System.MediumBlockPoolsCircularList
 0004:00000A38       System.MediumBlocksLocked
 0004:00000A3C       System.LastSequentiallyFedMediumBlock
 0004:00000A40       System.MediumSequentialFeedBytesLeft
 0004:00000A44       System.MediumBlockBinGroupBitmap
 0004:00000A48       System.MediumBlockBinBitmaps
 0004:00000AC8       System.MediumBlockBins
 0004:00002AC8       System.LargeBlocksLocked
 0004:00002ACC       System.LargeBlocksCircularList
 0004:00002ADC       System.ExpectedMemoryLeaks
 0004:00002AE0       System.ExpectedMemoryLeaksListLocked
 0004:00002AE4       System.MappingObjectHandle
 0004:00002AE8       System.InitContext
 0004:00002B18       System.DLLThreadContext
 0004:00002B48       System.GetThreadPreferredUILanguages
 0004:00002B4C       System.SetThreadPreferredUILanguages
 0004:00002B50       System.GetThreadUILanguage
 0004:00002B54       System.UseThreadUILanguageAPI
 0004:00002B58       System.CrSec
 0004:00002B70       System.CachedLangID
 0004:00002B74       System.CachedLanguageNames
 0004:00002C20       System...
 0004:00002C38       SysInit.ModuleIsLib
 0004:00002C39       SysInit.ModuleIsCpp
 0004:00002C3C       SysInit.HInstance
 0004:00002C40       SysInit.tlsBuffer
 0004:00002C44       Windows..2
 0004:00002C48       Windows.HtmlHelpModule
 0004:00002C4C       Character.DataTable
 0004:00002C50       Character.CatIndexPrimary
 0004:00002C54       Character.CatIndexSecondary
 0004:00002C58       Character.CategoryTable
 0004:00002C5C       Character.NumIndexPrimary
 0004:00002C60       Character.NumIndexSecondary
 0004:00002C64       Character.NumericValueTable
 0004:00002C68       SysUtils.Exception.$ClassInitFlag
 0004:00002C6C       SysUtils.Exception.GetExceptionStackInfoProc
 0004:00002C70       SysUtils.Exception.GetStackInfoStringProc
 0004:00002C74       SysUtils.Exception.CleanUpStackInfoProc
 0004:00002C78       SysUtils.CurrencyString
 0004:00002C7C       SysUtils.CurrencyFormat
 0004:00002C7D       SysUtils.NegCurrFormat
 0004:00002C7E       SysUtils.ThousandSeparator
 0004:00002C80       SysUtils.DecimalSeparator
 0004:00002C82       SysUtils.CurrencyDecimals
 0004:00002C84       SysUtils.DateSeparator
 0004:00002C88       SysUtils.ShortDateFormat
 0004:00002C8C       SysUtils.LongDateFormat
 0004:00002C90       SysUtils.TimeSeparator
 0004:00002C94       SysUtils.TimeAMString
 0004:00002C98       SysUtils.TimePMString
 0004:00002C9C       SysUtils.ShortTimeFormat
 0004:00002CA0       SysUtils.LongTimeFormat
 0004:00002CA4       SysUtils.ShortMonthNames
 0004:00002CD4       SysUtils.LongMonthNames
 0004:00002D04       SysUtils.ShortDayNames
 0004:00002D20       SysUtils.LongDayNames
 0004:00002D3C       SysUtils.SysLocale
 0004:00002D4A       SysUtils.ListSeparator
 0004:00002D4C       SysUtils.EraNames
 0004:00002D68       SysUtils.EraYearOffsets
 0004:00002D84       SysUtils.TrueBoolStrs
 0004:00002D88       SysUtils.FalseBoolStrs
 0004:00002D8C       SysUtils.TEncoding.FASCIIEncoding
 0004:00002D90       SysUtils.TEncoding.FBigEndianUnicodeEncoding
 0004:00002D94       SysUtils.TEncoding.FDefaultEncoding
 0004:00002D98       SysUtils.TEncoding.FUnicodeEncoding
 0004:00002D9C       SysUtils.TEncoding.FUTF7Encoding
 0004:00002DA0       SysUtils.TEncoding.FUTF8Encoding
 0004:00002DA4       SysUtils.TEncoding.$ClassInitFlag
 0004:00002DA8       SysUtils..76
 0004:00002DAC       SysUtils.OutOfMemory
 0004:00002DB0       SysUtils.InvalidPointer
 0004:00002DB4       SysUtils.SyncEventCache
 0004:00002EB4       SysUtils.EventCache
 0004:00002EB8       SysUtils.EventItemHolders
 0004:00002EBC       SysUtils.ValidatedUnitHashBuckets
 0004:00003EB0       SysUtils.UnitHashBuckets
 0004:00004EA4       SysUtils.LanguageArray
 0004:00004EA8       VarUtils.VariantChangeTypeEx
 0004:00004EAC       VarUtils.VarNeg
 0004:00004EB0       VarUtils.VarNot
 0004:00004EB4       VarUtils.VarAdd
 0004:00004EB8       VarUtils.VarSub
 0004:00004EBC       VarUtils.VarMul
 0004:00004EC0       VarUtils.VarDiv
 0004:00004EC4       VarUtils.VarIDiv
 0004:00004EC8       VarUtils.VarMod
 0004:00004ECC       VarUtils.VarAnd
 0004:00004ED0       VarUtils.VarOr
 0004:00004ED4       VarUtils.VarXor
 0004:00004ED8       VarUtils.VarCmp
 0004:00004EDC       VarUtils.VarI4FromStr
 0004:00004EE0       VarUtils.VarR4FromStr
 0004:00004EE4       VarUtils.VarR8FromStr
 0004:00004EE8       VarUtils.VarDateFromStr
 0004:00004EEC       VarUtils.VarCyFromStr
 0004:00004EF0       VarUtils.VarBoolFromStr
 0004:00004EF4       VarUtils.VarBstrFromCy
 0004:00004EF8       VarUtils.VarBstrFromDate
 0004:00004EFC       VarUtils.VarBstrFromBool
 0004:00004F00       VarUtils..5
 0004:00004F04       Variants.EmptyParam
 0004:00004F14       Variants.VarDispProc
 0004:00004F18       Variants.ClearAnyProc
 0004:00004F1C       Variants.ChangeAnyProc
 0004:00004F20       Variants.RefAnyProc
 0004:00004F24       Variants..81
 0004:00004F28       Variants.LVarTypes
 0004:00004F2C       Variants.LVarTypeSync
 0004:00004F44       TypInfo..5
 0004:00004F48       Classes.TThread.$ClassInitFlag
 0004:00004F4C       Classes.GlobalNameSpace
 0004:00004F50       Classes.IsUniqueGlobalComponentNameProc
 0004:00004F54       Classes.SyncEvent
 0004:00004F58       Classes..66
 0004:00004F5C       Classes.IntConstList
 0004:00004F60       Classes.RegGroups
 0004:00004F64       Classes.FindGlobalComponentProcs
 0004:00004F68       Classes.GlobalFixupList
 0004:00004F6C       Classes.ThreadLock
 0004:00004F84       Classes.ExternalThreads
 0004:00004F88       Classes.InstBlockList
 0004:00004F8C       Classes.InstFreeList
 0004:00004F90       TimeSpan.TTimeSpan.$ClassInitFlag
 0004:00004F94       TimeSpan.TTimeSpan.FMinValue
 0004:00004F9C       TimeSpan.TTimeSpan.FMaxValue
 0004:00004FA4       SyncObjs..01
 0004:00004FA8       SyncObjs.CoWaitForMultipleHandlesProc
 0004:00004FAC       SyncObjs.InitializeConditionVariableProc
 0004:00004FB0       SyncObjs.SleepConditionVariableCSProc
 0004:00004FB4       SyncObjs.WakeConditionVariableProc
 0004:00004FB8       SyncObjs.WakeAllConditionVariableProc
 0004:00004FBC       UxTheme.OpenThemeData
 0004:00004FC0       UxTheme.CloseThemeData
 0004:00004FC4       UxTheme.DrawThemeBackground
 0004:00004FC8       UxTheme.DrawThemeText
 0004:00004FCC       UxTheme.GetThemeBackgroundContentRect
 0004:00004FD0       UxTheme.GetThemeBackgroundExtent
 0004:00004FD4       UxTheme.GetThemePartSize
 0004:00004FD8       UxTheme.GetThemeTextExtent
 0004:00004FDC       UxTheme.GetThemeTextMetrics
 0004:00004FE0       UxTheme.GetThemeBackgroundRegion
 0004:00004FE4       UxTheme.HitTestThemeBackground
 0004:00004FE8       UxTheme.DrawThemeEdge
 0004:00004FEC       UxTheme.DrawThemeIcon
 0004:00004FF0       UxTheme.IsThemePartDefined
 0004:00004FF4       UxTheme.IsThemeBackgroundPartiallyTransparent
 0004:00004FF8       UxTheme.GetThemeColor
 0004:00004FFC       UxTheme.GetThemeMetric
 0004:00005000       UxTheme.GetThemeString
 0004:00005004       UxTheme.GetThemeBool
 0004:00005008       UxTheme.GetThemeInt
 0004:0000500C       UxTheme.GetThemeEnumValue
 0004:00005010       UxTheme.GetThemePosition
 0004:00005014       UxTheme.GetThemeFont
 0004:00005018       UxTheme.GetThemeRect
 0004:0000501C       UxTheme.GetThemeMargins
 0004:00005020       UxTheme.GetThemeIntList
 0004:00005024       UxTheme.GetThemePropertyOrigin
 0004:00005028       UxTheme.SetWindowTheme
 0004:0000502C       UxTheme.GetThemeFilename
 0004:00005030       UxTheme.GetThemeSysColor
 0004:00005034       UxTheme.GetThemeSysColorBrush
 0004:00005038       UxTheme.GetThemeSysBool
 0004:0000503C       UxTheme.GetThemeSysSize
 0004:00005040       UxTheme.GetThemeSysFont
 0004:00005044       UxTheme.GetThemeSysString
 0004:00005048       UxTheme.GetThemeSysInt
 0004:0000504C       UxTheme.IsThemeActive
 0004:00005050       UxTheme.IsAppThemed
 0004:00005054       UxTheme.GetWindowTheme
 0004:00005058       UxTheme.EnableThemeDialogTexture
 0004:0000505C       UxTheme.IsThemeDialogTextureEnabled
 0004:00005060       UxTheme.GetThemeAppProperties
 0004:00005064       UxTheme.SetThemeAppProperties
 0004:00005068       UxTheme.GetCurrentThemeName
 0004:0000506C       UxTheme.GetThemeDocumentationProperty
 0004:00005070       UxTheme.DrawThemeParentBackground
 0004:00005074       UxTheme.EnableTheming
 0004:00005078       UxTheme..1
 0004:0000507C       UxTheme.ThemeLibrary
 0004:00005080       UxTheme.ReferenceCount
 0004:00005084       UxTheme.Lock
 0004:00005088       HelpIntfs..2
 0004:0000508C       HelpIntfs.HelpManager
 0004:00005090       MultiMon.GetSystemMetrics
 0004:00005094       MultiMon.MonitorFromWindow
 0004:00005098       MultiMon.MonitorFromRect
 0004:0000509C       MultiMon.MonitorFromPoint
 0004:000050A0       MultiMon.GetMonitorInfo
 0004:000050A4       MultiMon.GetMonitorInfoA
 0004:000050A8       MultiMon.GetMonitorInfoW
 0004:000050AC       MultiMon.EnumDisplayMonitors
 0004:000050B0       MultiMon..1
 0004:000050B4       MultiMon.User32Dll
 0004:000050B8       MultiMon.InitApis
 0004:000050C0       MultiMon.MMAvailable
 0004:000050C4       IOUtils.TPath.FAltDirectorySeparatorChar
 0004:000050C6       IOUtils.TPath.FDirectorySeparatorChar
 0004:000050C8       IOUtils.TPath.FPathSeparator
 0004:000050CA       IOUtils.TPath.FVolumeSeparatorChar
 0004:000050CC       IOUtils.TPath.FExtensionSeparatorChar
 0004:000050D0       IOUtils.TPath.FInvalidPathChars
 0004:000050D4       IOUtils.TPath.FInvalidFileNameChars
 0004:000050D8       IOUtils.TPath.FPathWildcardChars
 0004:000050DC       IOUtils.TPath.FFileNameWildCardChars
 0004:000050E0       IOUtils.TPath.$ClassInitFlag
 0004:000050E4       IOUtils..1
 0004:000050E8       IniFiles..7
 0004:000050EC       Registry..5
 0004:000050F0       Graphics.TWICImage.FImagingFactory
 0004:000050F4       Graphics.SystemPalette16
 0004:000050F8       Graphics..32
 0004:000050FC       Graphics.ScreenLogPixels
 0004:00005100       Graphics.StockPen
 0004:00005104       Graphics.StockBrush
 0004:00005108       Graphics.StockFont
 0004:0000510C       Graphics.StockIcon
 0004:00005110       Graphics.BitmapImageLock
 0004:00005128       Graphics.CounterLock
 0004:00005140       Graphics.FontManager
 0004:00005144       Graphics.PenManager
 0004:00005148       Graphics.BrushManager
 0004:0000514C       Graphics.CanvasList
 0004:00005150       Graphics.PatternManager
 0004:00005154       GraphUtil..2
 0004:00005158       GraphUtil.MsImgHandle
 0004:0000515C       GraphUtil.MsImgInitialized
 0004:00005160       GraphUtil.GradientFillFunc
 0004:00005164       Printers..3
 0004:00005168       Clipbrd.CF_PICTURE
 0004:0000516A       Clipbrd.CF_COMPONENT
 0004:0000516C       Clipbrd..3
 0004:00005170       Clipbrd.FClipboard
 0004:00005174       ExtCtrls.TCustomTrayIcon.RM_TaskbarCreated
 0004:00005178       ExtCtrls..94
 0004:0000517C       ComCtrls..96
 0004:00005180       ComCtrls.ConversionFormatList
 0004:00005184       ComCtrls.ShellModule
 0004:00005188       ComCtrls.FRichEditModule
 0004:0000518C       Dialogs..03
 0004:00005190       Dialogs.HelpMsg
 0004:00005194       Dialogs.FindMsg
 0004:00005198       FlatSB.FlatSB_EnableScrollBar
 0004:0000519C       FlatSB.FlatSB_ShowScrollBar
 0004:000051A0       FlatSB.FlatSB_GetScrollRange
 0004:000051A4       FlatSB.FlatSB_GetScrollInfo
 0004:000051A8       FlatSB.FlatSB_GetScrollPos
 0004:000051AC       FlatSB.FlatSB_SetScrollPos
 0004:000051B0       FlatSB.FlatSB_SetScrollInfo
 0004:000051B4       FlatSB.FlatSB_SetScrollRange
 0004:000051B8       FlatSB..1
 0004:000051BC       FlatSB._FlatSB_GetScrollProp
 0004:000051C0       FlatSB._FlatSB_SetScrollProp
 0004:000051C4       FlatSB._InitializeFlatSB
 0004:000051C8       FlatSB._UninitializeFlatSB
 0004:000051CC       Menus.PopupList
 0004:000051D0       Menus.ShortCutItems
 0004:000051D4       Menus..01
 0004:000051D8       Menus.CommandPool
 0004:000051DC       Controls.Mouse
 0004:000051E0       Controls.IsVCLControlHook
 0004:000051E8       Controls.NewStyleControls
 0004:000051EC       Controls..44
 0004:000051F0       Controls.WindowAtom
 0004:000051F2       Controls.ControlAtom
 0004:000051F4       Controls.WindowAtomString
 0004:000051F8       Controls.ControlAtomString
 0004:000051FC       Controls.RM_GetObjectInstance
 0004:00005200       Controls.DragControl
 0004:00005204       Controls.DragObject
 0004:00005208       Controls.DragInternalObject
 0004:0000520C       Controls.DragCapture
 0004:00005210       Controls.DragStartPos
 0004:00005218       Controls.DragSaveCursor
 0004:0000521C       Controls.DragThreshold
 0004:00005220       Controls.ActiveDrag
 0004:00005224       Controls.DragImageList
 0004:00005228       Controls.DockSiteList
 0004:0000522C       Controls.QualifyingSites
 0004:00005230       Controls.DragSave
 0004:00005234       Controls.CanvasList
 0004:00005238       Controls.FlagControl
 0004:0000523C       Controls._WINNLSEnableIME
 0004:00005240       Controls._ImmGetContext
 0004:00005244       Controls._ImmReleaseContext
 0004:00005248       Controls._ImmGetConversionStatus
 0004:0000524C       Controls._ImmSetConversionStatus
 0004:00005250       Controls._ImmSetOpenStatus
 0004:00005254       Controls._ImmSetCompositionWindow
 0004:00005258       Controls._ImmSetCompositionFont
 0004:0000525C       Controls._ImmGetCompositionString
 0004:00005260       Controls._ImmIsIME
 0004:00005264       Controls._ImmNotifyIME
 0004:00005268       Themes..2
 0004:0000526C       Themes.InternalServices
 0004:00005270       Themes.RM_UnthemedDesigner
 0004:00005274       ImgList.CachedComCtrlVer
 0004:00005278       ImgList.ImageListWriteExProc
 0004:0000527C       ActnList..9
 0004:00005280       Forms.Application
 0004:00005284       Forms.Screen
 0004:00005288       Forms..51
 0004:0000528C       Forms.RM_TaskbarCreated
 0004:00005290       Forms.HintThreadID
 0004:00005294       Forms.HintDoneEvent
 0004:00005298       Forms.HintHook
 0004:0000529C       Forms.HintThread
 0004:000052A0       Forms.IdleTimerHandle
 0004:000052A4       Forms.IdleTimerDelegate
 0004:000052A8       Unit1.Form1
 0004:000052AC       Unit1..2
 0005:00000000       System.RaiseListPtr
 0005:00000004       System.InOutRes
 0005:00000008       Classes.TThread.FCurrentThread
 0005:0000000C       Classes.GlobalLoaded
 0005:00000010       Classes.GlobalLists
 0005:00000014       SyncObjs.OleThreadWnd
 0005:00000018       GraphUtil.CachedHighlightLum
 0005:0000001C       GraphUtil.CachedHighlightColor
 0005:00000020       GraphUtil.CachedHighlight
 0005:00000024       GraphUtil.CachedShadowLum
 0005:00000028       GraphUtil.CachedShadowColor
 0005:0000002C       GraphUtil.CachedShadow
 0005:00000030       GraphUtil.CachedColorValue
 0005:00000034       GraphUtil.CachedLumValue
 0005:00000038       GraphUtil.CachedColorAdjustLuma
 0005:0000003C       SysInit.TlsLast


Line numbers for VMProtectSDK(VMProtectSDK.pas) segment .text

   114 0001:000A86B0   115 0001:000A86B8   116 0001:000A86C0   117 0001:000A86C8
   123 0001:000A86CE

Line numbers for Unit1(Unit1.pas) segment .text

    39 0001:000A8AD8    40 0001:000A8ADD    44 0001:000A8AE0    45 0001:000A8B02
    46 0001:000A8B11    47 0001:000A8B1F    48 0001:000A8B43    57 0001:000A8B98
    58 0001:000A8BBA    61 0001:000A8BCB    64 0001:000A8C05    65 0001:000A8C16
    66 0001:000A8C53    67 0001:000A8C5B    68 0001:000A8C71    69 0001:000A8C79
    70 0001:000A8C8F    71 0001:000A8C97    72 0001:000A8CAD    73 0001:000A8CB5
    74 0001:000A8CCB    75 0001:000A8CD3    76 0001:000A8CE9    77 0001:000A8CF1
    78 0001:000A8D07    79 0001:000A8D0F    82 0001:000A8D25    83 0001:000A8D2C
    86 0001:000A8D69    87 0001:000A8D7B    88 0001:000A8D8F    89 0001:000A8DD7
    91 0001:000A8DE1    92 0001:000A8E24    93 0001:000A8E67    94 0001:000A8EAA
    95 0001:000A8F19    96 0001:000A8F88    97 0001:000A8FCB   100 0001:000A900F
   101 0001:000A9020   104 0001:000A9590   105 0001:000A95A5   106 0001:000A95DC

Line numbers for Unit1(Unit1.pas) segment .itext

   108 0002:00000C48

Line numbers for TestApp(TestApp.dpr) segment .itext

     9 0002:00000C50    10 0002:00000C60    11 0002:00000C6C    12 0002:00000C7D
    13 0002:00000C95    14 0002:00000CA1

Bound resource files

c:\program files (x86)\embarcadero\rad studio\7.0\lib\character.res
c:\program files (x86)\embarcadero\rad studio\7.0\lib\Controls.res
Unit1.dfm
TestApp.res
TestApp.drf


Program entry point at 0002:00000C50
